Archive member included to satisfy reference by file (symbol)

C:/ST/STM32CubeIDE_1.15.1/STM32CubeIDE/plugins/com.st.stm32cube.ide.mcu.externaltools.gnu-tools-for-stm32.12.3.rel1.win32_1.0.200.202406191623/tools/bin/../lib/gcc/arm-none-eabi/12.3.1/../../../../arm-none-eabi/lib/thumb/v7e-m+fp/hard\libc_nano.a(libc_a-exit.o)
                              C:/ST/STM32CubeIDE_1.15.1/STM32CubeIDE/plugins/com.st.stm32cube.ide.mcu.externaltools.gnu-tools-for-stm32.12.3.rel1.win32_1.0.200.202406191623/tools/bin/../lib/gcc/arm-none-eabi/12.3.1/../../../../arm-none-eabi/lib/thumb/v7e-m+fp/hard/crt0.o (exit)
C:/ST/STM32CubeIDE_1.15.1/STM32CubeIDE/plugins/com.st.stm32cube.ide.mcu.externaltools.gnu-tools-for-stm32.12.3.rel1.win32_1.0.200.202406191623/tools/bin/../lib/gcc/arm-none-eabi/12.3.1/../../../../arm-none-eabi/lib/thumb/v7e-m+fp/hard\libc_nano.a(libc_a-findfp.o)
                              C:/ST/STM32CubeIDE_1.15.1/STM32CubeIDE/plugins/com.st.stm32cube.ide.mcu.externaltools.gnu-tools-for-stm32.12.3.rel1.win32_1.0.200.202406191623/tools/bin/../lib/gcc/arm-none-eabi/12.3.1/../../../../arm-none-eabi/lib/thumb/v7e-m+fp/hard\libc_nano.a(libc_a-exit.o) (__stdio_exit_handler)
C:/ST/STM32CubeIDE_1.15.1/STM32CubeIDE/plugins/com.st.stm32cube.ide.mcu.externaltools.gnu-tools-for-stm32.12.3.rel1.win32_1.0.200.202406191623/tools/bin/../lib/gcc/arm-none-eabi/12.3.1/../../../../arm-none-eabi/lib/thumb/v7e-m+fp/hard\libc_nano.a(libc_a-fwalk.o)
                              C:/ST/STM32CubeIDE_1.15.1/STM32CubeIDE/plugins/com.st.stm32cube.ide.mcu.externaltools.gnu-tools-for-stm32.12.3.rel1.win32_1.0.200.202406191623/tools/bin/../lib/gcc/arm-none-eabi/12.3.1/../../../../arm-none-eabi/lib/thumb/v7e-m+fp/hard\libc_nano.a(libc_a-findfp.o) (_fwalk_sglue)
C:/ST/STM32CubeIDE_1.15.1/STM32CubeIDE/plugins/com.st.stm32cube.ide.mcu.externaltools.gnu-tools-for-stm32.12.3.rel1.win32_1.0.200.202406191623/tools/bin/../lib/gcc/arm-none-eabi/12.3.1/../../../../arm-none-eabi/lib/thumb/v7e-m+fp/hard\libc_nano.a(libc_a-printf.o)
                              ./Core/Src/main.o (printf)
C:/ST/STM32CubeIDE_1.15.1/STM32CubeIDE/plugins/com.st.stm32cube.ide.mcu.externaltools.gnu-tools-for-stm32.12.3.rel1.win32_1.0.200.202406191623/tools/bin/../lib/gcc/arm-none-eabi/12.3.1/../../../../arm-none-eabi/lib/thumb/v7e-m+fp/hard\libc_nano.a(libc_a-putchar.o)
                              ./Libraries/ioLibrary_Driver/Application/loopback/loopback.o (putchar)
C:/ST/STM32CubeIDE_1.15.1/STM32CubeIDE/plugins/com.st.stm32cube.ide.mcu.externaltools.gnu-tools-for-stm32.12.3.rel1.win32_1.0.200.202406191623/tools/bin/../lib/gcc/arm-none-eabi/12.3.1/../../../../arm-none-eabi/lib/thumb/v7e-m+fp/hard\libc_nano.a(libc_a-puts.o)
                              ./Core/Src/main.o (puts)
C:/ST/STM32CubeIDE_1.15.1/STM32CubeIDE/plugins/com.st.stm32cube.ide.mcu.externaltools.gnu-tools-for-stm32.12.3.rel1.win32_1.0.200.202406191623/tools/bin/../lib/gcc/arm-none-eabi/12.3.1/../../../../arm-none-eabi/lib/thumb/v7e-m+fp/hard\libc_nano.a(libc_a-stdio.o)
                              C:/ST/STM32CubeIDE_1.15.1/STM32CubeIDE/plugins/com.st.stm32cube.ide.mcu.externaltools.gnu-tools-for-stm32.12.3.rel1.win32_1.0.200.202406191623/tools/bin/../lib/gcc/arm-none-eabi/12.3.1/../../../../arm-none-eabi/lib/thumb/v7e-m+fp/hard\libc_nano.a(libc_a-findfp.o) (__sread)
C:/ST/STM32CubeIDE_1.15.1/STM32CubeIDE/plugins/com.st.stm32cube.ide.mcu.externaltools.gnu-tools-for-stm32.12.3.rel1.win32_1.0.200.202406191623/tools/bin/../lib/gcc/arm-none-eabi/12.3.1/../../../../arm-none-eabi/lib/thumb/v7e-m+fp/hard\libc_nano.a(libc_a-wbuf.o)
                              C:/ST/STM32CubeIDE_1.15.1/STM32CubeIDE/plugins/com.st.stm32cube.ide.mcu.externaltools.gnu-tools-for-stm32.12.3.rel1.win32_1.0.200.202406191623/tools/bin/../lib/gcc/arm-none-eabi/12.3.1/../../../../arm-none-eabi/lib/thumb/v7e-m+fp/hard\libc_nano.a(libc_a-puts.o) (__swbuf_r)
C:/ST/STM32CubeIDE_1.15.1/STM32CubeIDE/plugins/com.st.stm32cube.ide.mcu.externaltools.gnu-tools-for-stm32.12.3.rel1.win32_1.0.200.202406191623/tools/bin/../lib/gcc/arm-none-eabi/12.3.1/../../../../arm-none-eabi/lib/thumb/v7e-m+fp/hard\libc_nano.a(libc_a-wsetup.o)
                              C:/ST/STM32CubeIDE_1.15.1/STM32CubeIDE/plugins/com.st.stm32cube.ide.mcu.externaltools.gnu-tools-for-stm32.12.3.rel1.win32_1.0.200.202406191623/tools/bin/../lib/gcc/arm-none-eabi/12.3.1/../../../../arm-none-eabi/lib/thumb/v7e-m+fp/hard\libc_nano.a(libc_a-puts.o) (__swsetup_r)
C:/ST/STM32CubeIDE_1.15.1/STM32CubeIDE/plugins/com.st.stm32cube.ide.mcu.externaltools.gnu-tools-for-stm32.12.3.rel1.win32_1.0.200.202406191623/tools/bin/../lib/gcc/arm-none-eabi/12.3.1/../../../../arm-none-eabi/lib/thumb/v7e-m+fp/hard\libc_nano.a(libc_a-memset.o)
[...]
Memory Configuration

Name             Origin             Length             Attributes
CCMRAM           0x10000000         0x00010000         xrw
RAM              0x20000000         0x00030000         xrw
FLASH            0x08000000         0x00200000         xr
*default*        0x00000000         0xffffffff

Linker script and memory map

LOAD C:/ST/STM32CubeIDE_1.15.1/STM32CubeIDE/plugins/com.st.stm32cube.ide.mcu.externaltools.gnu-tools-for-stm32.12.3.rel1.win32_1.0.200.202406191623/tools/bin/../lib/gcc/arm-none-eabi/12.3.1/thumb/v7e-m+fp/hard/crti.o
LOAD C:/ST/STM32CubeIDE_1.15.1/STM32CubeIDE/plugins/com.st.stm32cube.ide.mcu.externaltools.gnu-tools-for-stm32.12.3.rel1.win32_1.0.200.202406191623/tools/bin/../lib/gcc/arm-none-eabi/12.3.1/thumb/v7e-m+fp/hard/crtbegin.o
LOAD C:/ST/STM32CubeIDE_1.15.1/STM32CubeIDE/plugins/com.st.stm32cube.ide.mcu.externaltools.gnu-tools-for-stm32.12.3.rel1.win32_1.0.200.202406191623/tools/bin/../lib/gcc/arm-none-eabi/12.3.1/../../../../arm-none-eabi/lib/thumb/v7e-m+fp/hard/crt0.o
LOAD ./Core/Src/main.o
LOAD ./Core/Src/stm32f4xx_hal_msp.o
LOAD ./Core/Src/stm32f4xx_it.o
LOAD ./Core/Src/syscalls.o
LOAD ./Core/Src/sysmem.o
LOAD ./Core/Src/system_stm32f4xx.o
LOAD ./Core/Startup/startup_stm32f429zitx.o
LOAD ./Drivers/STM32F4xx_HAL_Driver/Src/stm32f4xx_hal.o
LOAD ./Drivers/STM32F4xx_HAL_Driver/Src/stm32f4xx_hal_cortex.o
LOAD ./Drivers/STM32F4xx_HAL_Driver/Src/stm32f4xx_hal_dma.o
LOAD ./Drivers/STM32F4xx_HAL_Driver/Src/stm32f4xx_hal_dma_ex.o
LOAD ./Drivers/STM32F4xx_HAL_Driver/Src/stm32f4xx_hal_exti.o
LOAD ./Drivers/STM32F4xx_HAL_Driver/Src/stm32f4xx_hal_flash.o
LOAD ./Drivers/STM32F4xx_HAL_Driver/Src/stm32f4xx_hal_flash_ex.o
LOAD ./Drivers/STM32F4xx_HAL_Driver/Src/stm32f4xx_hal_flash_ramfunc.o
LOAD ./Drivers/STM32F4xx_HAL_Driver/Src/stm32f4xx_hal_gpio.o
LOAD ./Drivers/STM32F4xx_HAL_Driver/Src/stm32f4xx_hal_pwr.o
LOAD ./Drivers/STM32F4xx_HAL_Driver/Src/stm32f4xx_hal_pwr_ex.o
LOAD ./Drivers/STM32F4xx_HAL_Driver/Src/stm32f4xx_hal_rcc.o
LOAD ./Drivers/STM32F4xx_HAL_Driver/Src/stm32f4xx_hal_rcc_ex.o
LOAD ./Drivers/STM32F4xx_HAL_Driver/Src/stm32f4xx_hal_sram.o
LOAD ./Drivers/STM32F4xx_HAL_Driver/Src/stm32f4xx_hal_tim.o
LOAD ./Drivers/STM32F4xx_HAL_Driver/Src/stm32f4xx_hal_tim_ex.o
LOAD ./Drivers/STM32F4xx_HAL_Driver/Src/stm32f4xx_hal_uart.o
LOAD ./Drivers/STM32F4xx_HAL_Driver/Src/stm32f4xx_ll_fmc.o
LOAD ./Libraries/ioLibrary_Driver/Application/loopback/loopback.o
LOAD ./Libraries/ioLibrary_Driver/Application/multicast/multicast.o
LOAD ./Libraries/ioLibrary_Driver/Ethernet/W5100/w5100.o
LOAD ./Libraries/ioLibrary_Driver/Ethernet/W5100S/w5100s.o
LOAD ./Libraries/ioLibrary_Driver/Ethernet/W5200/w5200.o
LOAD ./Libraries/ioLibrary_Driver/Ethernet/W5300/w5300.o
LOAD ./Libraries/ioLibrary_Driver/Ethernet/W5500/w5500.o
LOAD ./Libraries/ioLibrary_Driver/Ethernet/socket.o
LOAD ./Libraries/ioLibrary_Driver/Ethernet/wizchip_conf.o
LOAD ./Libraries/ioLibrary_Driver/Internet/DHCP/dhcp.o
LOAD ./Libraries/ioLibrary_Driver/Internet/DNS/dns.o
LOAD ./Port/ioLibrary_Driver/src/w5x00_bus.o
LOAD ./Port/ioLibrary_Driver/src/w5x00_network.o
START GROUP
LOAD C:/ST/STM32CubeIDE_1.15.1/STM32CubeIDE/plugins/com.st.stm32cube.ide.mcu.externaltools.gnu-tools-for-stm32.12.3.rel1.win32_1.0.200.202406191623/tools/bin/../lib/gcc/arm-none-eabi/12.3.1/../../../../arm-none-eabi/lib/thumb/v7e-m+fp/hard\libc_nano.a
LOAD C:/ST/STM32CubeIDE_1.15.1/STM32CubeIDE/plugins/com.st.stm32cube.ide.mcu.externaltools.gnu-tools-for-stm32.12.3.rel1.win32_1.0.200.202406191623/tools/bin/../lib/gcc/arm-none-eabi/12.3.1/../../../../arm-none-eabi/lib/thumb/v7e-m+fp/hard\libm.a
END GROUP
START GROUP
LOAD C:/ST/STM32CubeIDE_1.15.1/STM32CubeIDE/plugins/com.st.stm32cube.ide.mcu.externaltools.gnu-tools-for-stm32.12.3.rel1.win32_1.0.200.202406191623/tools/bin/../lib/gcc/arm-none-eabi/12.3.1/thumb/v7e-m+fp/hard\libgcc.a
LOAD C:/ST/STM32CubeIDE_1.15.1/STM32CubeIDE/plugins/com.st.stm32cube.ide.mcu.externaltools.gnu-tools-for-stm32.12.3.rel1.win32_1.0.200.202406191623/tools/bin/../lib/gcc/arm-none-eabi/12.3.1/../../../../arm-none-eabi/lib/thumb/v7e-m+fp/hard\libc_nano.a
END GROUP
START GROUP
LOAD C:/ST/STM32CubeIDE_1.15.1/STM32CubeIDE/plugins/com.st.stm32cube.ide.mcu.externaltools.gnu-tools-for-stm32.12.3.rel1.win32_1.0.200.202406191623/tools/bin/../lib/gcc/arm-none-eabi/12.3.1/thumb/v7e-m+fp/hard\libgcc.a
LOAD C:/ST/STM32CubeIDE_1.15.1/STM32CubeIDE/plugins/com.st.stm32cube.ide.mcu.externaltools.gnu-tools-for-stm32.12.3.rel1.win32_1.0.200.202406191623/tools/bin/../lib/gcc/arm-none-eabi/12.3.1/../../../../arm-none-eabi/lib/thumb/v7e-m+fp/hard\libc_nano.a
LOAD C:/ST/STM32CubeIDE_1.15.1/STM32CubeIDE/plugins/com.st.stm32cube.ide.mcu.externaltools.gnu-tools-for-stm32.12.3.rel1.win32_1.0.200.202406191623/tools/bin/../lib/gcc/arm-none-eabi/12.3.1/../../../../arm-none-eabi/lib/thumb/v7e-m+fp/hard\libnosys.a
END GROUP
START GROUP
LOAD C:/ST/STM32CubeIDE_1.15.1/STM32CubeIDE/plugins/com.st.stm32cube.ide.mcu.externaltools.gnu-tools-for-stm32.12.3.rel1.win32_1.0.200.202406191623/tools/bin/../lib/gcc/arm-none-eabi/12.3.1/thumb/v7e-m+fp/hard\libgcc.a
LOAD C:/ST/STM32CubeIDE_1.15.1/STM32CubeIDE/plugins/com.st.stm32cube.ide.mcu.externaltools.gnu-tools-for-stm32.12.3.rel1.win32_1.0.200.202406191623/tools/bin/../lib/gcc/arm-none-eabi/12.3.1/../../../../arm-none-eabi/lib/thumb/v7e-m+fp/hard\libc_nano.a
LOAD C:/ST/STM32CubeIDE_1.15.1/STM32CubeIDE/plugins/com.st.stm32cube.ide.mcu.externaltools.gnu-tools-for-stm32.12.3.rel1.win32_1.0.200.202406191623/tools/bin/../lib/gcc/arm-none-eabi/12.3.1/../../../../arm-none-eabi/lib/thumb/v7e-m+fp/hard\libnosys.a
END GROUP
LOAD C:/ST/STM32CubeIDE_1.15.1/STM32CubeIDE/plugins/com.st.stm32cube.ide.mcu.externaltools.gnu-tools-for-stm32.12.3.rel1.win32_1.0.200.202406191623/tools/bin/../lib/gcc/arm-none-eabi/12.3.1/thumb/v7e-m+fp/hard/crtend.o
LOAD C:/ST/STM32CubeIDE_1.15.1/STM32CubeIDE/plugins/com.st.stm32cube.ide.mcu.externaltools.gnu-tools-for-stm32.12.3.rel1.win32_1.0.200.202406191623/tools/bin/../lib/gcc/arm-none-eabi/12.3.1/thumb/v7e-m+fp/hard/crtn.o
                0x20030000                        _estack = (ORIGIN (RAM) + LENGTH (RAM))
                0x00010000                        _Min_Heap_Size = 0x10000
                0x00008000                        _Min_Stack_Size = 0x8000

.isr_vector     0x08000000      0x1ac
                0x08000000                        . = ALIGN (0x4)
 *(.isr_vector)
 .isr_vector    0x08000000      0x1ac ./Core/Startup/startup_stm32f429zitx.o
                0x08000000                g_pfnVectors
                0x080001ac                        . = ALIGN (0x4)

.text           0x080001b0     0x8254
                0x080001b0                        . = ALIGN (0x4)
 *(.text)
 .text          0x080001b0       0x40 C:/ST/STM32CubeIDE_1.15.1/STM32CubeIDE/plugins/com.st.stm32cube.ide.mcu.externaltools.gnu-tools-for-stm32.12.3.rel1.win32_1.0.200.202406191623/tools/bin/../lib/gcc/arm-none-eabi/12.3.1/thumb/v7e-m+fp/hard/crtbegin.o
 .text          0x080001f0       0xa0 C:/ST/STM32CubeIDE_1.15.1/STM32CubeIDE/plugins/com.st.stm32cube.ide.mcu.externaltools.gnu-tools-for-stm32.12.3.rel1.win32_1.0.200.202406191623/tools/bin/../lib/gcc/arm-none-eabi/12.3.1/../../../../arm-none-eabi/lib/thumb/v7e-m+fp/hard\libc_nano.a(libc_a-memchr.o)
                0x080001f0                memchr
 .text          0x08000290       0x30 C:/ST/STM32CubeIDE_1.15.1/STM32CubeIDE/plugins/com.st.stm32cube.ide.mcu.externaltools.gnu-tools-for-stm32.12.3.rel1.win32_1.0.200.202406191623/tools/bin/../lib/gcc/arm-none-eabi/12.3.1/thumb/v7e-m+fp/hard\libgcc.a(_aeabi_uldivmod.o)
                0x08000290                __aeabi_uldivmod
 .text          0x080002c0      0x2bc C:/ST/STM32CubeIDE_1.15.1/STM32CubeIDE/plugins/com.st.stm32cube.ide.mcu.externaltools.gnu-tools-for-stm32.12.3.rel1.win32_1.0.200.202406191623/tools/bin/../lib/gcc/arm-none-eabi/12.3.1/thumb/v7e-m+fp/hard\libgcc.a(_udivmoddi4.o)
                0x080002c0                __udivmoddi4
 .text          0x0800057c        0x4 C:/ST/STM32CubeIDE_1.15.1/STM32CubeIDE/plugins/com.st.stm32cube.ide.mcu.externaltools.gnu-tools-for-stm32.12.3.rel1.win32_1.0.200.202406191623/tools/bin/../lib/gcc/arm-none-eabi/12.3.1/thumb/v7e-m+fp/hard\libgcc.a(_dvmd_tls.o)
                0x0800057c                __aeabi_idiv0
                0x0800057c                __aeabi_ldiv0
 *(.text*)
 .text.__io_putchar
                0x08000580       0x24 ./Core/Src/main.o
                0x08000580                __io_putchar
 .text.HAL_TIM_PeriodElapsedCallback
                0x080005a4       0x28 ./Core/Src/main.o
                0x080005a4                HAL_TIM_PeriodElapsedCallback
 .text.main     0x080005cc       0xe4 ./Core/Src/main.o
                0x080005cc                main
 .text.SystemClock_Config
                0x080006b0       0xe0 ./Core/Src/main.o
                0x080006b0                SystemClock_Config
 .text.MX_TIM1_Init
                0x08000790       0xa0 ./Core/Src/main.o
 .text.MX_USART3_UART_Init
                0x08000830       0x54 ./Core/Src/main.o
 .text.MX_FMC_Init
                0x08000884       0xc4 ./Core/Src/main.o
 .text.MX_GPIO_Init
                0x08000948      0x130 ./Core/Src/main.o
 .text.wizchip_dhcp_init
                0x08000a78       0x30 ./Core/Src/main.o
 .text.wizchip_dhcp_assign
                0x08000aa8       0x58 ./Core/Src/main.o
 .text.wizchip_dhcp_conflict
                0x08000b00       0x14 ./Core/Src/main.o
 .text.repeating_timer_callback
                0x08000b14       0x34 ./Core/Src/main.o
 .text.Error_Handler
                0x08000b48        0xc ./Core/Src/main.o
                0x08000b48                Error_Handler
 .text.HAL_MspInit
                0x08000b54       0x50 ./Core/Src/stm32f4xx_hal_msp.o
                0x08000b54                HAL_MspInit
 .text.HAL_TIM_Base_MspInit
                0x08000ba4       0x50 ./Core/Src/stm32f4xx_hal_msp.o
                0x08000ba4                HAL_TIM_Base_MspInit
 .text.HAL_UART_MspInit
                0x08000bf4       0x90 ./Core/Src/stm32f4xx_hal_msp.o
                0x08000bf4                HAL_UART_MspInit
 .text.HAL_FMC_MspInit
                0x08000c84       0xbc ./Core/Src/stm32f4xx_hal_msp.o
 .text.HAL_SRAM_MspInit
                0x08000d40       0x14 ./Core/Src/stm32f4xx_hal_msp.o
                0x08000d40                HAL_SRAM_MspInit
 .text.NMI_Handler
                0x08000d54        0x8 ./Core/Src/stm32f4xx_it.o
                0x08000d54                NMI_Handler
 .text.HardFault_Handler
                0x08000d5c        0x8 ./Core/Src/stm32f4xx_it.o
                0x08000d5c                HardFault_Handler
 .text.MemManage_Handler
                0x08000d64        0x8 ./Core/Src/stm32f4xx_it.o
                0x08000d64                MemManage_Handler
 .text.BusFault_Handler
                0x08000d6c        0x8 ./Core/Src/stm32f4xx_it.o
                0x08000d6c                BusFault_Handler
 .text.UsageFault_Handler
                0x08000d74        0x8 ./Core/Src/stm32f4xx_it.o
                0x08000d74                UsageFault_Handler
 .text.SVC_Handler
                0x08000d7c        0xe ./Core/Src/stm32f4xx_it.o
                0x08000d7c                SVC_Handler
 .text.DebugMon_Handler
                0x08000d8a        0xe ./Core/Src/stm32f4xx_it.o
                0x08000d8a                DebugMon_Handler
 .text.PendSV_Handler
                0x08000d98        0xe ./Core/Src/stm32f4xx_it.o
                0x08000d98                PendSV_Handler
 .text.SysTick_Handler
                0x08000da6        0xc ./Core/Src/stm32f4xx_it.o
                0x08000da6                SysTick_Handler
 *fill*         0x08000db2        0x2 
 .text.TIM1_UP_TIM10_IRQHandler
                0x08000db4       0x14 ./Core/Src/stm32f4xx_it.o
                0x08000db4                TIM1_UP_TIM10_IRQHandler
 .text._read    0x08000dc8       0x3a ./Core/Src/syscalls.o
                0x08000dc8                _read
 .text._write   0x08000e02       0x38 ./Core/Src/syscalls.o
                0x08000e02                _write
 .text._close   0x08000e3a       0x18 ./Core/Src/syscalls.o
                0x08000e3a                _close
 .text._fstat   0x08000e52       0x20 ./Core/Src/syscalls.o
                0x08000e52                _fstat
 .text._isatty  0x08000e72       0x16 ./Core/Src/syscalls.o
                0x08000e72                _isatty
 .text._lseek   0x08000e88       0x1a ./Core/Src/syscalls.o
                0x08000e88                _lseek
 *fill*         0x08000ea2        0x2 
 .text._sbrk    0x08000ea4       0x6c ./Core/Src/sysmem.o
                0x08000ea4                _sbrk
 .text.SystemInit
                0x08000f10       0x24 ./Core/Src/system_stm32f4xx.o
                0x08000f10                SystemInit
 .text.Reset_Handler
                0x08000f34       0x50 ./Core/Startup/startup_stm32f429zitx.o
                0x08000f34                Reset_Handler
 .text.Default_Handler
                0x08000f84        0x2 ./Core/Startup/startup_stm32f429zitx.o
                0x08000f84                RTC_Alarm_IRQHandler
                0x08000f84                HASH_RNG_IRQHandler
                0x08000f84                EXTI2_IRQHandler
                0x08000f84                TIM8_CC_IRQHandler
                0x08000f84                UART8_IRQHandler
                0x08000f84                SPI4_IRQHandler
                0x08000f84                TIM1_CC_IRQHandler
                0x08000f84                DMA2_Stream5_IRQHandler
                0x08000f84                DMA1_Stream5_IRQHandler
                0x08000f84                PVD_IRQHandler
                0x08000f84                SDIO_IRQHandler
                0x08000f84                TAMP_STAMP_IRQHandler
                0x08000f84                CAN2_RX1_IRQHandler
                0x08000f84                EXTI3_IRQHandler
                0x08000f84                TIM8_TRG_COM_TIM14_IRQHandler
                0x08000f84                TIM8_UP_TIM13_IRQHandler
                0x08000f84                I2C3_ER_IRQHandler
                0x08000f84                EXTI0_IRQHandler
                0x08000f84                I2C2_EV_IRQHandler
                0x08000f84                DMA1_Stream2_IRQHandler
                0x08000f84                CAN1_RX0_IRQHandler
                0x08000f84                FPU_IRQHandler
                0x08000f84                OTG_HS_WKUP_IRQHandler
                0x08000f84                LTDC_ER_IRQHandler
                0x08000f84                CAN2_SCE_IRQHandler
                0x08000f84                DMA2_Stream2_IRQHandler
                0x08000f84                SPI1_IRQHandler
                0x08000f84                TIM6_DAC_IRQHandler
                0x08000f84                TIM1_BRK_TIM9_IRQHandler
                0x08000f84                DCMI_IRQHandler
                0x08000f84                CAN2_RX0_IRQHandler
                0x08000f84                DMA2_Stream3_IRQHandler
                0x08000f84                USART6_IRQHandler
                0x08000f84                USART3_IRQHandler
                0x08000f84                CAN1_RX1_IRQHandler
                0x08000f84                UART5_IRQHandler
                0x08000f84                DMA2_Stream0_IRQHandler
                0x08000f84                TIM4_IRQHandler
                0x08000f84                I2C1_EV_IRQHandler
                0x08000f84                DMA1_Stream6_IRQHandler
                0x08000f84                DMA1_Stream1_IRQHandler
                0x08000f84                UART4_IRQHandler
                0x08000f84                TIM3_IRQHandler
                0x08000f84                RCC_IRQHandler
                0x08000f84                TIM8_BRK_TIM12_IRQHandler
                0x08000f84                Default_Handler
                0x08000f84                EXTI15_10_IRQHandler
                0x08000f84                ADC_IRQHandler
                0x08000f84                DMA1_Stream7_IRQHandler
                0x08000f84                SPI5_IRQHandler
                0x08000f84                TIM7_IRQHandler
                0x08000f84                CAN2_TX_IRQHandler
                0x08000f84                TIM5_IRQHandler
                0x08000f84                DMA2_Stream7_IRQHandler
                0x08000f84                I2C3_EV_IRQHandler
                0x08000f84                EXTI9_5_IRQHandler
                0x08000f84                RTC_WKUP_IRQHandler
                0x08000f84                LTDC_IRQHandler
                0x08000f84                ETH_WKUP_IRQHandler
                0x08000f84                SPI2_IRQHandler
                0x08000f84                OTG_HS_EP1_IN_IRQHandler
                0x08000f84                DMA1_Stream0_IRQHandler
                0x08000f84                CAN1_TX_IRQHandler
                0x08000f84                EXTI4_IRQHandler
                0x08000f84                ETH_IRQHandler
                0x08000f84                OTG_HS_EP1_OUT_IRQHandler
                0x08000f84                WWDG_IRQHandler
                0x08000f84                SPI6_IRQHandler
                0x08000f84                TIM2_IRQHandler
                0x08000f84                OTG_FS_WKUP_IRQHandler
                0x08000f84                TIM1_TRG_COM_TIM11_IRQHandler
                0x08000f84                OTG_HS_IRQHandler
                0x08000f84                DMA2D_IRQHandler
                0x08000f84                EXTI1_IRQHandler
                0x08000f84                UART7_IRQHandler
                0x08000f84                USART2_IRQHandler
                0x08000f84                I2C2_ER_IRQHandler
                0x08000f84                DMA2_Stream1_IRQHandler
                0x08000f84                CAN1_SCE_IRQHandler
                0x08000f84                FLASH_IRQHandler
                0x08000f84                DMA2_Stream4_IRQHandler
                0x08000f84                USART1_IRQHandler
                0x08000f84                OTG_FS_IRQHandler
                0x08000f84                SPI3_IRQHandler
                0x08000f84                DMA1_Stream4_IRQHandler
                0x08000f84                I2C1_ER_IRQHandler
                0x08000f84                FMC_IRQHandler
                0x08000f84                DMA2_Stream6_IRQHandler
                0x08000f84                SAI1_IRQHandler
                0x08000f84                DMA1_Stream3_IRQHandler
 *fill*         0x08000f86        0x2 
 .text.HAL_Init
                0x08000f88       0x44 ./Drivers/STM32F4xx_HAL_Driver/Src/stm32f4xx_hal.o
                0x08000f88                HAL_Init
 .text.HAL_InitTick
                0x08000fcc       0x60 ./Drivers/STM32F4xx_HAL_Driver/Src/stm32f4xx_hal.o
                0x08000fcc                HAL_InitTick
 .text.HAL_IncTick
                0x0800102c       0x28 ./Drivers/STM32F4xx_HAL_Driver/Src/stm32f4xx_hal.o
                0x0800102c                HAL_IncTick
 .text.HAL_GetTick
                0x08001054       0x18 ./Drivers/STM32F4xx_HAL_Driver/Src/stm32f4xx_hal.o
                0x08001054                HAL_GetTick
 .text.HAL_Delay
                0x0800106c       0x48 ./Drivers/STM32F4xx_HAL_Driver/Src/stm32f4xx_hal.o
                0x0800106c                HAL_Delay
 .text.__NVIC_SetPriorityGrouping
                0x080010b4       0x48 ./Drivers/STM32F4xx_HAL_Driver/Src/stm32f4xx_hal_cortex.o
 .text.__NVIC_GetPriorityGrouping
                0x080010fc       0x1c ./Drivers/STM32F4xx_HAL_Driver/Src/stm32f4xx_hal_cortex.o
 .text.__NVIC_EnableIRQ
                0x08001118       0x3c ./Drivers/STM32F4xx_HAL_Driver/Src/stm32f4xx_hal_cortex.o
 .text.__NVIC_SetPriority
                0x08001154       0x54 ./Drivers/STM32F4xx_HAL_Driver/Src/stm32f4xx_hal_cortex.o
 .text.NVIC_EncodePriority
                0x080011a8       0x66 ./Drivers/STM32F4xx_HAL_Driver/Src/stm32f4xx_hal_cortex.o
 *fill*         0x0800120e        0x2 
 .text.SysTick_Config
                0x08001210       0x44 ./Drivers/STM32F4xx_HAL_Driver/Src/stm32f4xx_hal_cortex.o
 .text.HAL_NVIC_SetPriorityGrouping
                0x08001254       0x16 ./Drivers/STM32F4xx_HAL_Driver/Src/stm32f4xx_hal_cortex.o
                0x08001254                HAL_NVIC_SetPriorityGrouping
 .text.HAL_NVIC_SetPriority
                0x0800126a       0x38 ./Drivers/STM32F4xx_HAL_Driver/Src/stm32f4xx_hal_cortex.o
                0x0800126a                HAL_NVIC_SetPriority
 .text.HAL_NVIC_EnableIRQ
                0x080012a2       0x1c ./Drivers/STM32F4xx_HAL_Driver/Src/stm32f4xx_hal_cortex.o
                0x080012a2                HAL_NVIC_EnableIRQ
 .text.HAL_SYSTICK_Config
                0x080012be       0x18 ./Drivers/STM32F4xx_HAL_Driver/Src/stm32f4xx_hal_cortex.o
                0x080012be                HAL_SYSTICK_Config
 *fill*         0x080012d6        0x2 
 .text.HAL_GPIO_Init
                0x080012d8      0x358 ./Drivers/STM32F4xx_HAL_Driver/Src/stm32f4xx_hal_gpio.o
                0x080012d8                HAL_GPIO_Init
 .text.HAL_GPIO_WritePin
                0x08001630       0x32 ./Drivers/STM32F4xx_HAL_Driver/Src/stm32f4xx_hal_gpio.o
                0x08001630                HAL_GPIO_WritePin
 *fill*         0x08001662        0x2 
 .text.HAL_PWREx_EnableOverDrive
                0x08001664       0xa0 ./Drivers/STM32F4xx_HAL_Driver/Src/stm32f4xx_hal_pwr_ex.o
                0x08001664                HAL_PWREx_EnableOverDrive
 .text.HAL_RCC_OscConfig
                0x08001704      0x4f0 ./Drivers/STM32F4xx_HAL_Driver/Src/stm32f4xx_hal_rcc.o
                0x08001704                HAL_RCC_OscConfig
 .text.HAL_RCC_ClockConfig
                0x08001bf4      0x1cc ./Drivers/STM32F4xx_HAL_Driver/Src/stm32f4xx_hal_rcc.o
                0x08001bf4                HAL_RCC_ClockConfig
 .text.HAL_RCC_GetSysClockFreq
                0x08001dc0      0x20c ./Drivers/STM32F4xx_HAL_Driver/Src/stm32f4xx_hal_rcc.o
                0x08001dc0                HAL_RCC_GetSysClockFreq
 .text.HAL_RCC_GetHCLKFreq
                0x08001fcc       0x18 ./Drivers/STM32F4xx_HAL_Driver/Src/stm32f4xx_hal_rcc.o
                0x08001fcc                HAL_RCC_GetHCLKFreq
 .text.HAL_RCC_GetPCLK1Freq
                0x08001fe4       0x28 ./Drivers/STM32F4xx_HAL_Driver/Src/stm32f4xx_hal_rcc.o
                0x08001fe4                HAL_RCC_GetPCLK1Freq
 .text.HAL_RCC_GetPCLK2Freq
                0x0800200c       0x28 ./Drivers/STM32F4xx_HAL_Driver/Src/stm32f4xx_hal_rcc.o
                0x0800200c                HAL_RCC_GetPCLK2Freq
 .text.HAL_SRAM_Init
                0x08002034       0x90 ./Drivers/STM32F4xx_HAL_Driver/Src/stm32f4xx_hal_sram.o
                0x08002034                HAL_SRAM_Init
 .text.HAL_TIM_Base_Init
                0x080020c4       0x9e ./Drivers/STM32F4xx_HAL_Driver/Src/stm32f4xx_hal_tim.o
                0x080020c4                HAL_TIM_Base_Init
 *fill*         0x08002162        0x2 
 .text.HAL_TIM_Base_Start_IT
                0x08002164       0xe0 ./Drivers/STM32F4xx_HAL_Driver/Src/stm32f4xx_hal_tim.o
                0x08002164                HAL_TIM_Base_Start_IT
 .text.HAL_TIM_IRQHandler
                0x08002244      0x1e0 ./Drivers/STM32F4xx_HAL_Driver/Src/stm32f4xx_hal_tim.o
                0x08002244                HAL_TIM_IRQHandler
 .text.HAL_TIM_ConfigClockSource
                0x08002424      0x18e ./Drivers/STM32F4xx_HAL_Driver/Src/stm32f4xx_hal_tim.o
                0x08002424                HAL_TIM_ConfigClockSource
 .text.HAL_TIM_OC_DelayElapsedCallback
                0x080025b2       0x14 ./Drivers/STM32F4xx_HAL_Driver/Src/stm32f4xx_hal_tim.o
                0x080025b2                HAL_TIM_OC_DelayElapsedCallback
 .text.HAL_TIM_IC_CaptureCallback
                0x080025c6       0x14 ./Drivers/STM32F4xx_HAL_Driver/Src/stm32f4xx_hal_tim.o
                0x080025c6                HAL_TIM_IC_CaptureCallback
 .text.HAL_TIM_PWM_PulseFinishedCallback
                0x080025da       0x14 ./Drivers/STM32F4xx_HAL_Driver/Src/stm32f4xx_hal_tim.o
                0x080025da                HAL_TIM_PWM_PulseFinishedCallback
 .text.HAL_TIM_TriggerCallback
                0x080025ee       0x14 ./Drivers/STM32F4xx_HAL_Driver/Src/stm32f4xx_hal_tim.o
                0x080025ee                HAL_TIM_TriggerCallback
 *fill*         0x08002602        0x2 
 .text.TIM_Base_SetConfig
                0x08002604      0x158 ./Drivers/STM32F4xx_HAL_Driver/Src/stm32f4xx_hal_tim.o
                0x08002604                TIM_Base_SetConfig
 .text.TIM_TI1_ConfigInputStage
                0x0800275c       0x5e ./Drivers/STM32F4xx_HAL_Driver/Src/stm32f4xx_hal_tim.o
 .text.TIM_TI2_ConfigInputStage
                0x080027ba       0x60 ./Drivers/STM32F4xx_HAL_Driver/Src/stm32f4xx_hal_tim.o
 .text.TIM_ITRx_SetConfig
                0x0800281a       0x36 ./Drivers/STM32F4xx_HAL_Driver/Src/stm32f4xx_hal_tim.o
 .text.TIM_ETR_SetConfig
                0x08002850       0x40 ./Drivers/STM32F4xx_HAL_Driver/Src/stm32f4xx_hal_tim.o
                0x08002850                TIM_ETR_SetConfig
 .text.HAL_TIMEx_MasterConfigSynchronization
                0x08002890       0xf8 ./Drivers/STM32F4xx_HAL_Driver/Src/stm32f4xx_hal_tim_ex.o
                0x08002890                HAL_TIMEx_MasterConfigSynchronization
 .text.HAL_TIMEx_CommutCallback
                0x08002988       0x14 ./Drivers/STM32F4xx_HAL_Driver/Src/stm32f4xx_hal_tim_ex.o
                0x08002988                HAL_TIMEx_CommutCallback
 .text.HAL_TIMEx_BreakCallback
                0x0800299c       0x14 ./Drivers/STM32F4xx_HAL_Driver/Src/stm32f4xx_hal_tim_ex.o
                0x0800299c                HAL_TIMEx_BreakCallback
 .text.HAL_UART_Init
                0x080029b0       0xa0 ./Drivers/STM32F4xx_HAL_Driver/Src/stm32f4xx_hal_uart.o
                0x080029b0                HAL_UART_Init
 .text.HAL_UART_Transmit
                0x08002a50      0x116 ./Drivers/STM32F4xx_HAL_Driver/Src/stm32f4xx_hal_uart.o
                0x08002a50                HAL_UART_Transmit
 .text.UART_WaitOnFlagUntilTimeout
                0x08002b66       0xb2 ./Drivers/STM32F4xx_HAL_Driver/Src/stm32f4xx_hal_uart.o
 .text.UART_EndRxTransfer
                0x08002c18       0xc6 ./Drivers/STM32F4xx_HAL_Driver/Src/stm32f4xx_hal_uart.o
 *fill*         0x08002cde        0x2 
 .text.UART_SetConfig
                0x08002ce0      0x4e8 ./Drivers/STM32F4xx_HAL_Driver/Src/stm32f4xx_hal_uart.o
 .text.FMC_NORSRAM_Init
                0x080031c8      0x10c ./Drivers/STM32F4xx_HAL_Driver/Src/stm32f4xx_ll_fmc.o
                0x080031c8                FMC_NORSRAM_Init
 .text.FMC_NORSRAM_Timing_Init
                0x080032d4       0xa0 ./Drivers/STM32F4xx_HAL_Driver/Src/stm32f4xx_ll_fmc.o
                0x080032d4                FMC_NORSRAM_Timing_Init
 .text.FMC_NORSRAM_Extended_Timing_Init
                0x08003374       0x70 ./Drivers/STM32F4xx_HAL_Driver/Src/stm32f4xx_ll_fmc.o
                0x08003374                FMC_NORSRAM_Extended_Timing_Init
 .text.loopback_tcpc
                0x080033e4      0x268 ./Libraries/ioLibrary_Driver/Application/loopback/loopback.o
                0x080033e4                loopback_tcpc
 .text.WIZCHIP_WRITE
                0x0800364c       0x54 ./Libraries/ioLibrary_Driver/Ethernet/W5300/w5300.o
                0x0800364c                WIZCHIP_WRITE
 .text.WIZCHIP_READ
                0x080036a0       0x54 ./Libraries/ioLibrary_Driver/Ethernet/W5300/w5300.o
                0x080036a0                WIZCHIP_READ
 .text.setTMSR  0x080036f4       0x72 ./Libraries/ioLibrary_Driver/Ethernet/W5300/w5300.o
                0x080036f4                setTMSR
 .text.getTMSR  0x08003766       0x46 ./Libraries/ioLibrary_Driver/Ethernet/W5300/w5300.o
                0x08003766                getTMSR
 .text.setRMSR  0x080037ac       0x72 ./Libraries/ioLibrary_Driver/Ethernet/W5300/w5300.o
                0x080037ac                setRMSR
 .text.getRMSR  0x0800381e       0x46 ./Libraries/ioLibrary_Driver/Ethernet/W5300/w5300.o
                0x0800381e                getRMSR
 .text.getSn_TX_FSR
                0x08003864       0x52 ./Libraries/ioLibrary_Driver/Ethernet/W5300/w5300.o
                0x08003864                getSn_TX_FSR
 *fill*         0x080038b6        0x2 
 .text.getSn_RX_RSR
                0x080038b8       0x64 ./Libraries/ioLibrary_Driver/Ethernet/W5300/w5300.o
                0x080038b8                getSn_RX_RSR
 .text.wiz_send_data
                0x0800391c       0x64 ./Libraries/ioLibrary_Driver/Ethernet/W5300/w5300.o
                0x0800391c                wiz_send_data
 .text.wiz_recv_data
                0x08003980       0x84 ./Libraries/ioLibrary_Driver/Ethernet/W5300/w5300.o
                0x08003980                wiz_recv_data
 .text.wiz_recv_ignore
                0x08003a04       0x3c ./Libraries/ioLibrary_Driver/Ethernet/W5300/w5300.o
                0x08003a04                wiz_recv_ignore
 .text.socket   0x08003a40      0x234 ./Libraries/ioLibrary_Driver/Ethernet/socket.o
                0x08003a40                socket
 .text.close    0x08003c74      0x17c ./Libraries/ioLibrary_Driver/Ethernet/socket.o
                0x08003c74                close
 .text.connect  0x08003df0      0x1b0 ./Libraries/ioLibrary_Driver/Ethernet/socket.o
                0x08003df0                connect
 .text.disconnect
                0x08003fa0       0xe0 ./Libraries/ioLibrary_Driver/Ethernet/socket.o
                0x08003fa0                disconnect
 .text.send     0x08004080      0x1f8 ./Libraries/ioLibrary_Driver/Ethernet/socket.o
                0x08004080                send
 .text.recv     0x08004278      0x2cc ./Libraries/ioLibrary_Driver/Ethernet/socket.o
                0x08004278                recv
 .text.sendto   0x08004544      0x3f0 ./Libraries/ioLibrary_Driver/Ethernet/socket.o
                0x08004544                sendto
 .text.recvfrom
                0x08004934      0x4e4 ./Libraries/ioLibrary_Driver/Ethernet/socket.o
                0x08004934                recvfrom
 .text.wizchip_cris_enter
                0x08004e18        0xe ./Libraries/ioLibrary_Driver/Ethernet/wizchip_conf.o
                0x08004e18                wizchip_cris_enter
 .text.wizchip_cris_exit
                0x08004e26        0xe ./Libraries/ioLibrary_Driver/Ethernet/wizchip_conf.o
                0x08004e26                wizchip_cris_exit
 .text.wizchip_cs_select
                0x08004e34        0xe ./Libraries/ioLibrary_Driver/Ethernet/wizchip_conf.o
                0x08004e34                wizchip_cs_select
 .text.wizchip_cs_deselect
                0x08004e42        0xe ./Libraries/ioLibrary_Driver/Ethernet/wizchip_conf.o
                0x08004e42                wizchip_cs_deselect
 .text.wizchip_bus_readdata
                0x08004e50       0x1a ./Libraries/ioLibrary_Driver/Ethernet/wizchip_conf.o
                0x08004e50                wizchip_bus_readdata
 .text.wizchip_bus_writedata
                0x08004e6a       0x1e ./Libraries/ioLibrary_Driver/Ethernet/wizchip_conf.o
                0x08004e6a                wizchip_bus_writedata
 .text.reg_wizchip_cs_cbfunc
                0x08004e88       0x4c ./Libraries/ioLibrary_Driver/Ethernet/wizchip_conf.o
                0x08004e88                reg_wizchip_cs_cbfunc
 .text.reg_wizchip_bus_cbfunc
                0x08004ed4       0x58 ./Libraries/ioLibrary_Driver/Ethernet/wizchip_conf.o
                0x08004ed4                reg_wizchip_bus_cbfunc
 .text.ctlwizchip
                0x08004f2c       0xf8 ./Libraries/ioLibrary_Driver/Ethernet/wizchip_conf.o
                0x08004f2c                ctlwizchip
 .text.ctlnetwork
                0x08005024       0x7c ./Libraries/ioLibrary_Driver/Ethernet/wizchip_conf.o
                0x08005024                ctlnetwork
 .text.wizchip_sw_reset
                0x080050a0      0x1ca ./Libraries/ioLibrary_Driver/Ethernet/wizchip_conf.o
                0x080050a0                wizchip_sw_reset
 .text.wizchip_init
                0x0800526a      0x12c ./Libraries/ioLibrary_Driver/Ethernet/wizchip_conf.o
                0x0800526a                wizchip_init
 .text.wizchip_clrinterrupt
                0x08005396       0x44 ./Libraries/ioLibrary_Driver/Ethernet/wizchip_conf.o
                0x08005396                wizchip_clrinterrupt
 .text.wizchip_getinterrupt
                0x080053da       0x48 ./Libraries/ioLibrary_Driver/Ethernet/wizchip_conf.o
                0x080053da                wizchip_getinterrupt
 .text.wizchip_setinterruptmask
                0x08005422       0x44 ./Libraries/ioLibrary_Driver/Ethernet/wizchip_conf.o
                0x08005422                wizchip_setinterruptmask
 .text.wizchip_getinterruptmask
                0x08005466       0x50 ./Libraries/ioLibrary_Driver/Ethernet/wizchip_conf.o
                0x08005466                wizchip_getinterruptmask
 *fill*         0x080054b6        0x2 
 .text.wizchip_setnetinfo
                0x080054b8      0x118 ./Libraries/ioLibrary_Driver/Ethernet/wizchip_conf.o
                0x080054b8                wizchip_setnetinfo
 .text.wizchip_getnetinfo
                0x080055d0      0x160 ./Libraries/ioLibrary_Driver/Ethernet/wizchip_conf.o
                0x080055d0                wizchip_getnetinfo
 .text.wizchip_setnetmode
                0x08005730       0x4a ./Libraries/ioLibrary_Driver/Ethernet/wizchip_conf.o
                0x08005730                wizchip_setnetmode
 .text.wizchip_getnetmode
                0x0800577a       0x12 ./Libraries/ioLibrary_Driver/Ethernet/wizchip_conf.o
                0x0800577a                wizchip_getnetmode
 .text.wizchip_settimeout
                0x0800578c       0x28 ./Libraries/ioLibrary_Driver/Ethernet/wizchip_conf.o
                0x0800578c                wizchip_settimeout
 .text.wizchip_gettimeout
                0x080057b4       0x2c ./Libraries/ioLibrary_Driver/Ethernet/wizchip_conf.o
                0x080057b4                wizchip_gettimeout
 .text.default_ip_assign
                0x080057e0       0xa4 ./Libraries/ioLibrary_Driver/Internet/DHCP/dhcp.o
                0x080057e0                default_ip_assign
 .text.default_ip_update
                0x08005884       0x64 ./Libraries/ioLibrary_Driver/Internet/DHCP/dhcp.o
                0x08005884                default_ip_update
 .text.default_ip_conflict
                0x080058e8       0x60 ./Libraries/ioLibrary_Driver/Internet/DHCP/dhcp.o
                0x080058e8                default_ip_conflict
 .text.reg_dhcp_cbfunc
                0x08005948       0x68 ./Libraries/ioLibrary_Driver/Internet/DHCP/dhcp.o
                0x08005948                reg_dhcp_cbfunc
 .text.makeDHCPMSG
                0x080059b0      0x230 ./Libraries/ioLibrary_Driver/Internet/DHCP/dhcp.o
                0x080059b0                makeDHCPMSG
 .text.send_DHCP_DISCOVER
                0x08005be0      0x38c ./Libraries/ioLibrary_Driver/Internet/DHCP/dhcp.o
                0x08005be0                send_DHCP_DISCOVER
 .text.send_DHCP_REQUEST
                0x08005f6c      0x514 ./Libraries/ioLibrary_Driver/Internet/DHCP/dhcp.o
                0x08005f6c                send_DHCP_REQUEST
 .text.send_DHCP_DECLINE
                0x08006480      0x2a4 ./Libraries/ioLibrary_Driver/Internet/DHCP/dhcp.o
                0x08006480                send_DHCP_DECLINE
 .text.parseDHCPMSG
                0x08006724      0x43c ./Libraries/ioLibrary_Driver/Internet/DHCP/dhcp.o
                0x08006724                parseDHCPMSG
 .text.DHCP_run
                0x08006b60      0x230 ./Libraries/ioLibrary_Driver/Internet/DHCP/dhcp.o
                0x08006b60                DHCP_run
 .text.DHCP_stop
                0x08006d90       0x20 ./Libraries/ioLibrary_Driver/Internet/DHCP/dhcp.o
                0x08006d90                DHCP_stop
 .text.check_DHCP_timeout
                0x08006db0       0xc0 ./Libraries/ioLibrary_Driver/Internet/DHCP/dhcp.o
                0x08006db0                check_DHCP_timeout
 .text.check_DHCP_leasedIP
                0x08006e70       0x78 ./Libraries/ioLibrary_Driver/Internet/DHCP/dhcp.o
                0x08006e70                check_DHCP_leasedIP
 .text.DHCP_init
                0x08006ee8      0x1e8 ./Libraries/ioLibrary_Driver/Internet/DHCP/dhcp.o
                0x08006ee8                DHCP_init
 .text.reset_DHCP_timeout
                0x080070d0       0x2c ./Libraries/ioLibrary_Driver/Internet/DHCP/dhcp.o
                0x080070d0                reset_DHCP_timeout
 .text.DHCP_time_handler
                0x080070fc       0x1c ./Libraries/ioLibrary_Driver/Internet/DHCP/dhcp.o
                0x080070fc                DHCP_time_handler
 .text.getIPfromDHCP
                0x08007118       0x40 ./Libraries/ioLibrary_Driver/Internet/DHCP/dhcp.o
                0x08007118                getIPfromDHCP
 .text.getGWfromDHCP
                0x08007158       0x40 ./Libraries/ioLibrary_Driver/Internet/DHCP/dhcp.o
                0x08007158                getGWfromDHCP
 .text.getSNfromDHCP
                0x08007198       0x40 ./Libraries/ioLibrary_Driver/Internet/DHCP/dhcp.o
                0x08007198                getSNfromDHCP
 .text.getDNSfromDHCP
                0x080071d8       0x40 ./Libraries/ioLibrary_Driver/Internet/DHCP/dhcp.o
                0x080071d8                getDNSfromDHCP
 .text.getDHCPLeasetime
                0x08007218       0x18 ./Libraries/ioLibrary_Driver/Internet/DHCP/dhcp.o
                0x08007218                getDHCPLeasetime
 .text.NibbleToHex
                0x08007230       0x32 ./Libraries/ioLibrary_Driver/Internet/DHCP/dhcp.o
                0x08007230                NibbleToHex
 *fill*         0x08007262        0x2 
 .text.wizchip_select
                0x08007264       0x18 ./Port/ioLibrary_Driver/src/w5x00_bus.o
 .text.wizchip_deselect
                0x0800727c       0x18 ./Port/ioLibrary_Driver/src/w5x00_bus.o
 .text.wizchip_read
                0x08007294       0x1e ./Port/ioLibrary_Driver/src/w5x00_bus.o
 .text.wizchip_write
                0x080072b2       0x24 ./Port/ioLibrary_Driver/src/w5x00_bus.o
 *fill*         0x080072d6        0x2 
 .text.wizchip_initialize
                0x080072d8       0x5c ./Port/ioLibrary_Driver/src/w5x00_bus.o
                0x080072d8                wizchip_initialize
 .text.wizchip_reset
                0x08007334       0x30 ./Port/ioLibrary_Driver/src/w5x00_bus.o
                0x08007334                wizchip_reset
 .text.wizchip_check
                0x08007364        0xe ./Port/ioLibrary_Driver/src/w5x00_bus.o
                0x08007364                wizchip_check
 .text.wizchip_network_initialize
                0x08007372       0x24 ./Port/ioLibrary_Driver/src/w5x00_network.o
                0x08007372                wizchip_network_initialize
 *fill*         0x08007396        0x2 
 .text.wizchip_network_information
                0x08007398      0x138 ./Port/ioLibrary_Driver/src/w5x00_network.o
                0x08007398                wizchip_network_information
 .text.std      0x080074d0       0x6c C:/ST/STM32CubeIDE_1.15.1/STM32CubeIDE/plugins/com.st.stm32cube.ide.mcu.externaltools.gnu-tools-for-stm32.12.3.rel1.win32_1.0.200.202406191623/tools/bin/../lib/gcc/arm-none-eabi/12.3.1/../../../../arm-none-eabi/lib/thumb/v7e-m+fp/hard\libc_nano.a(libc_a-findfp.o)
 .text.stdio_exit_handler
                0x0800753c       0x18 C:/ST/STM32CubeIDE_1.15.1/STM32CubeIDE/plugins/com.st.stm32cube.ide.mcu.externaltools.gnu-tools-for-stm32.12.3.rel1.win32_1.0.200.202406191623/tools/bin/../lib/gcc/arm-none-eabi/12.3.1/../../../../arm-none-eabi/lib/thumb/v7e-m+fp/hard\libc_nano.a(libc_a-findfp.o)
 .text.cleanup_stdio
                0x08007554       0x40 C:/ST/STM32CubeIDE_1.15.1/STM32CubeIDE/plugins/com.st.stm32cube.ide.mcu.externaltools.gnu-tools-for-stm32.12.3.rel1.win32_1.0.200.202406191623/tools/bin/../lib/gcc/arm-none-eabi/12.3.1/../../../../arm-none-eabi/lib/thumb/v7e-m+fp/hard\libc_nano.a(libc_a-findfp.o)
 .text.global_stdio_init.part.0
                0x08007594       0x3c C:/ST/STM32CubeIDE_1.15.1/STM32CubeIDE/plugins/com.st.stm32cube.ide.mcu.externaltools.gnu-tools-for-stm32.12.3.rel1.win32_1.0.200.202406191623/tools/bin/../lib/gcc/arm-none-eabi/12.3.1/../../../../arm-none-eabi/lib/thumb/v7e-m+fp/hard\libc_nano.a(libc_a-findfp.o)
 .text.__sfp_lock_acquire
                0x080075d0        0xc C:/ST/STM32CubeIDE_1.15.1/STM32CubeIDE/plugins/com.st.stm32cube.ide.mcu.externaltools.gnu-tools-for-stm32.12.3.rel1.win32_1.0.200.202406191623/tools/bin/../lib/gcc/arm-none-eabi/12.3.1/../../../../arm-none-eabi/lib/thumb/v7e-m+fp/hard\libc_nano.a(libc_a-findfp.o)
                0x080075d0                __sfp_lock_acquire
 .text.__sfp_lock_release
                0x080075dc        0xc C:/ST/STM32CubeIDE_1.15.1/STM32CubeIDE/plugins/com.st.stm32cube.ide.mcu.externaltools.gnu-tools-for-stm32.12.3.rel1.win32_1.0.200.202406191623/tools/bin/../lib/gcc/arm-none-eabi/12.3.1/../../../../arm-none-eabi/lib/thumb/v7e-m+fp/hard\libc_nano.a(libc_a-findfp.o)
                0x080075dc                __sfp_lock_release
 .text.__sinit  0x080075e8       0x30 C:/ST/STM32CubeIDE_1.15.1/STM32CubeIDE/plugins/com.st.stm32cube.ide.mcu.externaltools.gnu-tools-for-stm32.12.3.rel1.win32_1.0.200.202406191623/tools/bin/../lib/gcc/arm-none-eabi/12.3.1/../../../../arm-none-eabi/lib/thumb/v7e-m+fp/hard\libc_nano.a(libc_a-findfp.o)
                0x080075e8                __sinit
 .text._fwalk_sglue
                0x08007618       0x3c C:/ST/STM32CubeIDE_1.15.1/STM32CubeIDE/plugins/com.st.stm32cube.ide.mcu.externaltools.gnu-tools-for-stm32.12.3.rel1.win32_1.0.200.202406191623/tools/bin/../lib/gcc/arm-none-eabi/12.3.1/../../../../arm-none-eabi/lib/thumb/v7e-m+fp/hard\libc_nano.a(libc_a-fwalk.o)
                0x08007618                _fwalk_sglue
 .text.printf   0x08007654       0x24 C:/ST/STM32CubeIDE_1.15.1/STM32CubeIDE/plugins/com.st.stm32cube.ide.mcu.externaltools.gnu-tools-for-stm32.12.3.rel1.win32_1.0.200.202406191623/tools/bin/../lib/gcc/arm-none-eabi/12.3.1/../../../../arm-none-eabi/lib/thumb/v7e-m+fp/hard\libc_nano.a(libc_a-printf.o)
                0x08007654                iprintf
                0x08007654                printf
 .text._puts_r  0x08007678       0xaa C:/ST/STM32CubeIDE_1.15.1/STM32CubeIDE/plugins/com.st.stm32cube.ide.mcu.externaltools.gnu-tools-for-stm32.12.3.rel1.win32_1.0.200.202406191623/tools/bin/../lib/gcc/arm-none-eabi/12.3.1/../../../../arm-none-eabi/lib/thumb/v7e-m+fp/hard\libc_nano.a(libc_a-puts.o)
                0x08007678                _puts_r
 *fill*         0x08007722        0x2 
 .text.puts     0x08007724       0x10 C:/ST/STM32CubeIDE_1.15.1/STM32CubeIDE/plugins/com.st.stm32cube.ide.mcu.externaltools.gnu-tools-for-stm32.12.3.rel1.win32_1.0.200.202406191623/tools/bin/../lib/gcc/arm-none-eabi/12.3.1/../../../../arm-none-eabi/lib/thumb/v7e-m+fp/hard\libc_nano.a(libc_a-puts.o)
                0x08007724                puts
 .text.__sread  0x08007734       0x22 C:/ST/STM32CubeIDE_1.15.1/STM32CubeIDE/plugins/com.st.stm32cube.ide.mcu.externaltools.gnu-tools-for-stm32.12.3.rel1.win32_1.0.200.202406191623/tools/bin/../lib/gcc/arm-none-eabi/12.3.1/../../../../arm-none-eabi/lib/thumb/v7e-m+fp/hard\libc_nano.a(libc_a-stdio.o)
                0x08007734                __sread
 .text.__swrite
                0x08007756       0x38 C:/ST/STM32CubeIDE_1.15.1/STM32CubeIDE/plugins/com.st.stm32cube.ide.mcu.externaltools.gnu-tools-for-stm32.12.3.rel1.win32_1.0.200.202406191623/tools/bin/../lib/gcc/arm-none-eabi/12.3.1/../../../../arm-none-eabi/lib/thumb/v7e-m+fp/hard\libc_nano.a(libc_a-stdio.o)
                0x08007756                __swrite
 .text.__sseek  0x0800778e       0x24 C:/ST/STM32CubeIDE_1.15.1/STM32CubeIDE/plugins/com.st.stm32cube.ide.mcu.externaltools.gnu-tools-for-stm32.12.3.rel1.win32_1.0.200.202406191623/tools/bin/../lib/gcc/arm-none-eabi/12.3.1/../../../../arm-none-eabi/lib/thumb/v7e-m+fp/hard\libc_nano.a(libc_a-stdio.o)
                0x0800778e                __sseek
 .text.__sclose
                0x080077b2        0x8 C:/ST/STM32CubeIDE_1.15.1/STM32CubeIDE/plugins/com.st.stm32cube.ide.mcu.externaltools.gnu-tools-for-stm32.12.3.rel1.win32_1.0.200.202406191623/tools/bin/../lib/gcc/arm-none-eabi/12.3.1/../../../../arm-none-eabi/lib/thumb/v7e-m+fp/hard\libc_nano.a(libc_a-stdio.o)
                0x080077b2                __sclose
 .text.__swbuf_r
                0x080077ba       0x7c C:/ST/STM32CubeIDE_1.15.1/STM32CubeIDE/plugins/com.st.stm32cube.ide.mcu.externaltools.gnu-tools-for-stm32.12.3.rel1.win32_1.0.200.202406191623/tools/bin/../lib/gcc/arm-none-eabi/12.3.1/../../../../arm-none-eabi/lib/thumb/v7e-m+fp/hard\libc_nano.a(libc_a-wbuf.o)
                0x080077ba                __swbuf_r
 *fill*         0x08007836        0x2 
 .text.__swsetup_r
                0x08007838       0xac C:/ST/STM32CubeIDE_1.15.1/STM32CubeIDE/plugins/com.st.stm32cube.ide.mcu.externaltools.gnu-tools-for-stm32.12.3.rel1.win32_1.0.200.202406191623/tools/bin/../lib/gcc/arm-none-eabi/12.3.1/../../../../arm-none-eabi/lib/thumb/v7e-m+fp/hard\libc_nano.a(libc_a-wsetup.o)
                0x08007838                __swsetup_r
 .text.memset   0x080078e4       0x10 C:/ST/STM32CubeIDE_1.15.1/STM32CubeIDE/plugins/com.st.stm32cube.ide.mcu.externaltools.gnu-tools-for-stm32.12.3.rel1.win32_1.0.200.202406191623/tools/bin/../lib/gcc/arm-none-eabi/12.3.1/../../../../arm-none-eabi/lib/thumb/v7e-m+fp/hard\libc_nano.a(libc_a-memset.o)
                0x080078e4                memset
 .text._close_r
                0x080078f4       0x20 C:/ST/STM32CubeIDE_1.15.1/STM32CubeIDE/plugins/com.st.stm32cube.ide.mcu.externaltools.gnu-tools-for-stm32.12.3.rel1.win32_1.0.200.202406191623/tools/bin/../lib/gcc/arm-none-eabi/12.3.1/../../../../arm-none-eabi/lib/thumb/v7e-m+fp/hard\libc_nano.a(libc_a-closer.o)
                0x080078f4                _close_r
 .text._lseek_r
                0x08007914       0x24 C:/ST/STM32CubeIDE_1.15.1/STM32CubeIDE/plugins/com.st.stm32cube.ide.mcu.externaltools.gnu-tools-for-stm32.12.3.rel1.win32_1.0.200.202406191623/tools/bin/../lib/gcc/arm-none-eabi/12.3.1/../../../../arm-none-eabi/lib/thumb/v7e-m+fp/hard\libc_nano.a(libc_a-lseekr.o)
                0x08007914                _lseek_r
 .text._read_r  0x08007938       0x24 C:/ST/STM32CubeIDE_1.15.1/STM32CubeIDE/plugins/com.st.stm32cube.ide.mcu.externaltools.gnu-tools-for-stm32.12.3.rel1.win32_1.0.200.202406191623/tools/bin/../lib/gcc/arm-none-eabi/12.3.1/../../../../arm-none-eabi/lib/thumb/v7e-m+fp/hard\libc_nano.a(libc_a-readr.o)
                0x08007938                _read_r
 .text._write_r
                0x0800795c       0x24 C:/ST/STM32CubeIDE_1.15.1/STM32CubeIDE/plugins/com.st.stm32cube.ide.mcu.externaltools.gnu-tools-for-stm32.12.3.rel1.win32_1.0.200.202406191623/tools/bin/../lib/gcc/arm-none-eabi/12.3.1/../../../../arm-none-eabi/lib/thumb/v7e-m+fp/hard\libc_nano.a(libc_a-writer.o)
                0x0800795c                _write_r
 .text.__errno  0x08007980        0xc C:/ST/STM32CubeIDE_1.15.1/STM32CubeIDE/plugins/com.st.stm32cube.ide.mcu.externaltools.gnu-tools-for-stm32.12.3.rel1.win32_1.0.200.202406191623/tools/bin/../lib/gcc/arm-none-eabi/12.3.1/../../../../arm-none-eabi/lib/thumb/v7e-m+fp/hard\libc_nano.a(libc_a-errno.o)
                0x08007980                __errno
 .text.__libc_init_array
                0x0800798c       0x48 C:/ST/STM32CubeIDE_1.15.1/STM32CubeIDE/plugins/com.st.stm32cube.ide.mcu.externaltools.gnu-tools-for-stm32.12.3.rel1.win32_1.0.200.202406191623/tools/bin/../lib/gcc/arm-none-eabi/12.3.1/../../../../arm-none-eabi/lib/thumb/v7e-m+fp/hard\libc_nano.a(libc_a-init.o)
                0x0800798c                __libc_init_array
 .text.__retarget_lock_init_recursive
                0x080079d4        0x2 C:/ST/STM32CubeIDE_1.15.1/STM32CubeIDE/plugins/com.st.stm32cube.ide.mcu.externaltools.gnu-tools-for-stm32.12.3.rel1.win32_1.0.200.202406191623/tools/bin/../lib/gcc/arm-none-eabi/12.3.1/../../../../arm-none-eabi/lib/thumb/v7e-m+fp/hard\libc_nano.a(libc_a-lock.o)
                0x080079d4                __retarget_lock_init_recursive
 .text.__retarget_lock_acquire_recursive
                0x080079d6        0x2 C:/ST/STM32CubeIDE_1.15.1/STM32CubeIDE/plugins/com.st.stm32cube.ide.mcu.externaltools.gnu-tools-for-stm32.12.3.rel1.win32_1.0.200.202406191623/tools/bin/../lib/gcc/arm-none-eabi/12.3.1/../../../../arm-none-eabi/lib/thumb/v7e-m+fp/hard\libc_nano.a(libc_a-lock.o)
                0x080079d6                __retarget_lock_acquire_recursive
 .text.__retarget_lock_release_recursive
                0x080079d8        0x2 C:/ST/STM32CubeIDE_1.15.1/STM32CubeIDE/plugins/com.st.stm32cube.ide.mcu.externaltools.gnu-tools-for-stm32.12.3.rel1.win32_1.0.200.202406191623/tools/bin/../lib/gcc/arm-none-eabi/12.3.1/../../../../arm-none-eabi/lib/thumb/v7e-m+fp/hard\libc_nano.a(libc_a-lock.o)
                0x080079d8                __retarget_lock_release_recursive
 *fill*         0x080079da        0x2 
 .text._free_r  0x080079dc       0x94 C:/ST/STM32CubeIDE_1.15.1/STM32CubeIDE/plugins/com.st.stm32cube.ide.mcu.externaltools.gnu-tools-for-stm32.12.3.rel1.win32_1.0.200.202406191623/tools/bin/../lib/gcc/arm-none-eabi/12.3.1/../../../../arm-none-eabi/lib/thumb/v7e-m+fp/hard\libc_nano.a(libc_a-freer.o)
                0x080079dc                _free_r
 .text.sbrk_aligned
                0x08007a70       0x44 C:/ST/STM32CubeIDE_1.15.1/STM32CubeIDE/plugins/com.st.stm32cube.ide.mcu.externaltools.gnu-tools-for-stm32.12.3.rel1.win32_1.0.200.202406191623/tools/bin/../lib/gcc/arm-none-eabi/12.3.1/../../../../arm-none-eabi/lib/thumb/v7e-m+fp/hard\libc_nano.a(libc_a-mallocr.o)
 .text._malloc_r
                0x08007ab4      0x100 C:/ST/STM32CubeIDE_1.15.1/STM32CubeIDE/plugins/com.st.stm32cube.ide.mcu.externaltools.gnu-tools-for-stm32.12.3.rel1.win32_1.0.200.202406191623/tools/bin/../lib/gcc/arm-none-eabi/12.3.1/../../../../arm-none-eabi/lib/thumb/v7e-m+fp/hard\libc_nano.a(libc_a-mallocr.o)
                0x08007ab4                _malloc_r
 .text.__malloc_lock
                0x08007bb4        0xc C:/ST/STM32CubeIDE_1.15.1/STM32CubeIDE/plugins/com.st.stm32cube.ide.mcu.externaltools.gnu-tools-for-stm32.12.3.rel1.win32_1.0.200.202406191623/tools/bin/../lib/gcc/arm-none-eabi/12.3.1/../../../../arm-none-eabi/lib/thumb/v7e-m+fp/hard\libc_nano.a(libc_a-mlock.o)
                0x08007bb4                __malloc_lock
 .text.__malloc_unlock
                0x08007bc0        0xc C:/ST/STM32CubeIDE_1.15.1/STM32CubeIDE/plugins/com.st.stm32cube.ide.mcu.externaltools.gnu-tools-for-stm32.12.3.rel1.win32_1.0.200.202406191623/tools/bin/../lib/gcc/arm-none-eabi/12.3.1/../../../../arm-none-eabi/lib/thumb/v7e-m+fp/hard\libc_nano.a(libc_a-mlock.o)
                0x08007bc0                __malloc_unlock
 .text.__sfputc_r
                0x08007bcc       0x2e C:/ST/STM32CubeIDE_1.15.1/STM32CubeIDE/plugins/com.st.stm32cube.ide.mcu.externaltools.gnu-tools-for-stm32.12.3.rel1.win32_1.0.200.202406191623/tools/bin/../lib/gcc/arm-none-eabi/12.3.1/../../../../arm-none-eabi/lib/thumb/v7e-m+fp/hard\libc_nano.a(libc_a-nano-vfprintf.o)
 .text.__sfputs_r
                0x08007bfa       0x24 C:/ST/STM32CubeIDE_1.15.1/STM32CubeIDE/plugins/com.st.stm32cube.ide.mcu.externaltools.gnu-tools-for-stm32.12.3.rel1.win32_1.0.200.202406191623/tools/bin/../lib/gcc/arm-none-eabi/12.3.1/../../../../arm-none-eabi/lib/thumb/v7e-m+fp/hard\libc_nano.a(libc_a-nano-vfprintf.o)
                0x08007bfa                __sfputs_r
 *fill*         0x08007c1e        0x2 
 .text._vfprintf_r
                0x08007c20      0x230 C:/ST/STM32CubeIDE_1.15.1/STM32CubeIDE/plugins/com.st.stm32cube.ide.mcu.externaltools.gnu-tools-for-stm32.12.3.rel1.win32_1.0.200.202406191623/tools/bin/../lib/gcc/arm-none-eabi/12.3.1/../../../../arm-none-eabi/lib/thumb/v7e-m+fp/hard\libc_nano.a(libc_a-nano-vfprintf.o)
                0x08007c20                _vfprintf_r
                0x08007c20                _vfiprintf_r
 .text._printf_common
                0x08007e50       0xda C:/ST/STM32CubeIDE_1.15.1/STM32CubeIDE/plugins/com.st.stm32cube.ide.mcu.externaltools.gnu-tools-for-stm32.12.3.rel1.win32_1.0.200.202406191623/tools/bin/../lib/gcc/arm-none-eabi/12.3.1/../../../../arm-none-eabi/lib/thumb/v7e-m+fp/hard\libc_nano.a(libc_a-nano-vfprintf_i.o)
                0x08007e50                _printf_common
 *fill*         0x08007f2a        0x2 
 .text._printf_i
                0x08007f2c      0x240 C:/ST/STM32CubeIDE_1.15.1/STM32CubeIDE/plugins/com.st.stm32cube.ide.mcu.externaltools.gnu-tools-for-stm32.12.3.rel1.win32_1.0.200.202406191623/tools/bin/../lib/gcc/arm-none-eabi/12.3.1/../../../../arm-none-eabi/lib/thumb/v7e-m+fp/hard\libc_nano.a(libc_a-nano-vfprintf_i.o)
                0x08007f2c                _printf_i
 .text.__sflush_r
                0x0800816c      0x108 C:/ST/STM32CubeIDE_1.15.1/STM32CubeIDE/plugins/com.st.stm32cube.ide.mcu.externaltools.gnu-tools-for-stm32.12.3.rel1.win32_1.0.200.202406191623/tools/bin/../lib/gcc/arm-none-eabi/12.3.1/../../../../arm-none-eabi/lib/thumb/v7e-m+fp/hard\libc_nano.a(libc_a-fflush.o)
                0x0800816c                __sflush_r
 .text._fflush_r
                0x08008274       0x50 C:/ST/STM32CubeIDE_1.15.1/STM32CubeIDE/plugins/com.st.stm32cube.ide.mcu.externaltools.gnu-tools-for-stm32.12.3.rel1.win32_1.0.200.202406191623/tools/bin/../lib/gcc/arm-none-eabi/12.3.1/../../../../arm-none-eabi/lib/thumb/v7e-m+fp/hard\libc_nano.a(libc_a-fflush.o)
                0x08008274                _fflush_r
 .text.__swhatbuf_r
                0x080082c4       0x4c C:/ST/STM32CubeIDE_1.15.1/STM32CubeIDE/plugins/com.st.stm32cube.ide.mcu.externaltools.gnu-tools-for-stm32.12.3.rel1.win32_1.0.200.202406191623/tools/bin/../lib/gcc/arm-none-eabi/12.3.1/../../../../arm-none-eabi/lib/thumb/v7e-m+fp/hard\libc_nano.a(libc_a-makebuf.o)
                0x080082c4                __swhatbuf_r
 .text.__smakebuf_r
                0x08008310       0x78 C:/ST/STM32CubeIDE_1.15.1/STM32CubeIDE/plugins/com.st.stm32cube.ide.mcu.externaltools.gnu-tools-for-stm32.12.3.rel1.win32_1.0.200.202406191623/tools/bin/../lib/gcc/arm-none-eabi/12.3.1/../../../../arm-none-eabi/lib/thumb/v7e-m+fp/hard\libc_nano.a(libc_a-makebuf.o)
                0x08008310                __smakebuf_r
 .text._fstat_r
                0x08008388       0x24 C:/ST/STM32CubeIDE_1.15.1/STM32CubeIDE/plugins/com.st.stm32cube.ide.mcu.externaltools.gnu-tools-for-stm32.12.3.rel1.win32_1.0.200.202406191623/tools/bin/../lib/gcc/arm-none-eabi/12.3.1/../../../../arm-none-eabi/lib/thumb/v7e-m+fp/hard\libc_nano.a(libc_a-fstatr.o)
                0x08008388                _fstat_r
 .text._isatty_r
                0x080083ac       0x20 C:/ST/STM32CubeIDE_1.15.1/STM32CubeIDE/plugins/com.st.stm32cube.ide.mcu.externaltools.gnu-tools-for-stm32.12.3.rel1.win32_1.0.200.202406191623/tools/bin/../lib/gcc/arm-none-eabi/12.3.1/../../../../arm-none-eabi/lib/thumb/v7e-m+fp/hard\libc_nano.a(libc_a-isattyr.o)
                0x080083ac                _isatty_r
 .text._sbrk_r  0x080083cc       0x20 C:/ST/STM32CubeIDE_1.15.1/STM32CubeIDE/plugins/com.st.stm32cube.ide.mcu.externaltools.gnu-tools-for-stm32.12.3.rel1.win32_1.0.200.202406191623/tools/bin/../lib/gcc/arm-none-eabi/12.3.1/../../../../arm-none-eabi/lib/thumb/v7e-m+fp/hard\libc_nano.a(libc_a-sbrkr.o)
                0x080083cc                _sbrk_r
 *(.glue_7)
 .glue_7        0x080083ec        0x0 linker stubs
 *(.glue_7t)
 .glue_7t       0x080083ec        0x0 linker stubs
 *(.eh_frame)
 .eh_frame      0x080083ec        0x0 C:/ST/STM32CubeIDE_1.15.1/STM32CubeIDE/plugins/com.st.stm32cube.ide.mcu.externaltools.gnu-tools-for-stm32.12.3.rel1.win32_1.0.200.202406191623/tools/bin/../lib/gcc/arm-none-eabi/12.3.1/thumb/v7e-m+fp/hard/crtbegin.o
 *(.init)
 .init          0x080083ec        0x4 C:/ST/STM32CubeIDE_1.15.1/STM32CubeIDE/plugins/com.st.stm32cube.ide.mcu.externaltools.gnu-tools-for-stm32.12.3.rel1.win32_1.0.200.202406191623/tools/bin/../lib/gcc/arm-none-eabi/12.3.1/thumb/v7e-m+fp/hard/crti.o
                0x080083ec                _init
 .init          0x080083f0        0x8 C:/ST/STM32CubeIDE_1.15.1/STM32CubeIDE/plugins/com.st.stm32cube.ide.mcu.externaltools.gnu-tools-for-stm32.12.3.rel1.win32_1.0.200.202406191623/tools/bin/../lib/gcc/arm-none-eabi/12.3.1/thumb/v7e-m+fp/hard/crtn.o
 *(.fini)
 .fini          0x080083f8        0x4 C:/ST/STM32CubeIDE_1.15.1/STM32CubeIDE/plugins/com.st.stm32cube.ide.mcu.externaltools.gnu-tools-for-stm32.12.3.rel1.win32_1.0.200.202406191623/tools/bin/../lib/gcc/arm-none-eabi/12.3.1/thumb/v7e-m+fp/hard/crti.o
                0x080083f8                _fini
 .fini          0x080083fc        0x8 C:/ST/STM32CubeIDE_1.15.1/STM32CubeIDE/plugins/com.st.stm32cube.ide.mcu.externaltools.gnu-tools-for-stm32.12.3.rel1.win32_1.0.200.202406191623/tools/bin/../lib/gcc/arm-none-eabi/12.3.1/thumb/v7e-m+fp/hard/crtn.o
                0x08008404                        . = ALIGN (0x4)
                0x08008404                        _etext = .

.vfp11_veneer   0x08008404        0x0
 .vfp11_veneer  0x08008404        0x0 linker stubs

.v4_bx          0x08008404        0x0
 .v4_bx         0x08008404        0x0 linker stubs

.iplt           0x08008404        0x0
 .iplt          0x08008404        0x0 C:/ST/STM32CubeIDE_1.15.1/STM32CubeIDE/plugins/com.st.stm32cube.ide.mcu.externaltools.gnu-tools-for-stm32.12.3.rel1.win32_1.0.200.202406191623/tools/bin/../lib/gcc/arm-none-eabi/12.3.1/thumb/v7e-m+fp/hard/crtbegin.o

.rodata         0x08008404      0x428
                0x08008404                        . = ALIGN (0x4)
 *(.rodata)
 .rodata        0x08008404       0x9b ./Core/Src/main.o
 *fill*         0x0800849f        0x1 
 .rodata        0x080084a0      0x13d ./Libraries/ioLibrary_Driver/Application/loopback/loopback.o
 *fill*         0x080085dd        0x3 
 .rodata        0x080085e0        0x5 ./Libraries/ioLibrary_Driver/Ethernet/socket.o
 *fill*         0x080085e5        0x3 
 .rodata        0x080085e8       0x12 ./Libraries/ioLibrary_Driver/Internet/DHCP/dhcp.o
 *fill*         0x080085fa        0x2 
 .rodata        0x080085fc       0x28 ./Port/ioLibrary_Driver/src/w5x00_bus.o
 .rodata        0x08008624      0x1ba ./Port/ioLibrary_Driver/src/w5x00_network.o
 *(.rodata*)
 *fill*         0x080087de        0x2 
 .rodata.AHBPrescTable
                0x080087e0       0x10 ./Core/Src/system_stm32f4xx.o
                0x080087e0                AHBPrescTable
 .rodata.APBPrescTable
                0x080087f0        0x8 ./Core/Src/system_stm32f4xx.o
                0x080087f0                APBPrescTable
 .rodata._vfprintf_r.str1.1
                0x080087f8       0x11 C:/ST/STM32CubeIDE_1.15.1/STM32CubeIDE/plugins/com.st.stm32cube.ide.mcu.externaltools.gnu-tools-for-stm32.12.3.rel1.win32_1.0.200.202406191623/tools/bin/../lib/gcc/arm-none-eabi/12.3.1/../../../../arm-none-eabi/lib/thumb/v7e-m+fp/hard\libc_nano.a(libc_a-nano-vfprintf.o)
 .rodata._printf_i.str1.1
                0x08008809       0x22 C:/ST/STM32CubeIDE_1.15.1/STM32CubeIDE/plugins/com.st.stm32cube.ide.mcu.externaltools.gnu-tools-for-stm32.12.3.rel1.win32_1.0.200.202406191623/tools/bin/../lib/gcc/arm-none-eabi/12.3.1/../../../../arm-none-eabi/lib/thumb/v7e-m+fp/hard\libc_nano.a(libc_a-nano-vfprintf_i.o)
                0x0800882c                        . = ALIGN (0x4)
 *fill*         0x0800882b        0x1 

.ARM.extab      0x0800882c        0x0
                0x0800882c                        . = ALIGN (0x4)
 *(.ARM.extab* .gnu.linkonce.armextab.*)
                0x0800882c                        . = ALIGN (0x4)

.ARM            0x0800882c        0x8
                0x0800882c                        . = ALIGN (0x4)
                0x0800882c                        __exidx_start = .
 *(.ARM.exidx*)
 .ARM.exidx     0x0800882c        0x8 C:/ST/STM32CubeIDE_1.15.1/STM32CubeIDE/plugins/com.st.stm32cube.ide.mcu.externaltools.gnu-tools-for-stm32.12.3.rel1.win32_1.0.200.202406191623/tools/bin/../lib/gcc/arm-none-eabi/12.3.1/../../../../arm-none-eabi/lib/thumb/v7e-m+fp/hard\libc_nano.a(libc_a-memchr.o)
 .ARM.exidx     0x08008834        0x0 C:/ST/STM32CubeIDE_1.15.1/STM32CubeIDE/plugins/com.st.stm32cube.ide.mcu.externaltools.gnu-tools-for-stm32.12.3.rel1.win32_1.0.200.202406191623/tools/bin/../lib/gcc/arm-none-eabi/12.3.1/thumb/v7e-m+fp/hard\libgcc.a(_udivmoddi4.o)
                                  0x8 (size before relaxing)
                0x08008834                        __exidx_end = .
                0x08008834                        . = ALIGN (0x4)

.preinit_array  0x08008834        0x0
                0x08008834                        . = ALIGN (0x4)
                0x08008834                        PROVIDE (__preinit_array_start = .)
 *(.preinit_array*)
                0x08008834                        PROVIDE (__preinit_array_end = .)
                0x08008834                        . = ALIGN (0x4)

.init_array     0x08008834        0x4
                0x08008834                        . = ALIGN (0x4)
                0x08008834                        PROVIDE (__init_array_start = .)
 *(SORT_BY_NAME(.init_array.*))
 *(.init_array*)
 .init_array    0x08008834        0x4 C:/ST/STM32CubeIDE_1.15.1/STM32CubeIDE/plugins/com.st.stm32cube.ide.mcu.externaltools.gnu-tools-for-stm32.12.3.rel1.win32_1.0.200.202406191623/tools/bin/../lib/gcc/arm-none-eabi/12.3.1/thumb/v7e-m+fp/hard/crtbegin.o
                0x08008838                        PROVIDE (__init_array_end = .)
                0x08008838                        . = ALIGN (0x4)

.fini_array     0x08008838        0x4
                0x08008838                        . = ALIGN (0x4)
                [!provide]                        PROVIDE (__fini_array_start = .)
 *(SORT_BY_NAME(.fini_array.*))
 *(.fini_array*)
 .fini_array    0x08008838        0x4 C:/ST/STM32CubeIDE_1.15.1/STM32CubeIDE/plugins/com.st.stm32cube.ide.mcu.externaltools.gnu-tools-for-stm32.12.3.rel1.win32_1.0.200.202406191623/tools/bin/../lib/gcc/arm-none-eabi/12.3.1/thumb/v7e-m+fp/hard/crtbegin.o
                [!provide]                        PROVIDE (__fini_array_end = .)
                0x0800883c                        . = ALIGN (0x4)
                0x0800883c                        _sidata = LOADADDR (.data)

.rel.dyn        0x0800883c        0x0
 .rel.iplt      0x0800883c        0x0 C:/ST/STM32CubeIDE_1.15.1/STM32CubeIDE/plugins/com.st.stm32cube.ide.mcu.externaltools.gnu-tools-for-stm32.12.3.rel1.win32_1.0.200.202406191623/tools/bin/../lib/gcc/arm-none-eabi/12.3.1/thumb/v7e-m+fp/hard/crtbegin.o

.data           0x20000000       0xd0 load address 0x0800883c
                0x20000000                        . = ALIGN (0x4)
                0x20000000                        _sdata = .
 *(.data)
 *(.data*)
 .data.net_info
                0x20000000       0x17 ./Core/Src/main.o
                0x20000000                net_info
 *fill*         0x20000017        0x1 
 .data.dest_ip  0x20000018        0x4 ./Core/Src/main.o
                0x20000018                dest_ip
 .data.SystemCoreClock
                0x2000001c        0x4 ./Core/Src/system_stm32f4xx.o
                0x2000001c                SystemCoreClock
 .data.uwTickPrio
                0x20000020        0x4 ./Drivers/STM32F4xx_HAL_Driver/Src/stm32f4xx_hal.o
                0x20000020                uwTickPrio
 .data.uwTickFreq
                0x20000024        0x1 ./Drivers/STM32F4xx_HAL_Driver/Src/stm32f4xx_hal.o
                0x20000024                uwTickFreq
 *fill*         0x20000025        0x1 
 .data.any_port.0
                0x20000026        0x2 ./Libraries/ioLibrary_Driver/Application/loopback/loopback.o
 .data.sock_any_port
                0x20000028        0x2 ./Libraries/ioLibrary_Driver/Ethernet/socket.o
 *fill*         0x2000002a        0x2 
 .data.WIZCHIP  0x2000002c       0x2c ./Libraries/ioLibrary_Driver/Ethernet/wizchip_conf.o
                0x2000002c                WIZCHIP
 .data.dhcp_lease_time
                0x20000058        0x4 ./Libraries/ioLibrary_Driver/Internet/DHCP/dhcp.o
                0x20000058                dhcp_lease_time
 .data.dhcp_tick_next
                0x2000005c        0x4 ./Libraries/ioLibrary_Driver/Internet/DHCP/dhcp.o
                0x2000005c                dhcp_tick_next
 .data.HOST_NAME
                0x20000060        0x8 ./Libraries/ioLibrary_Driver/Internet/DHCP/dhcp.o
                0x20000060                HOST_NAME
 .data.dhcp_ip_assign
                0x20000068        0x4 ./Libraries/ioLibrary_Driver/Internet/DHCP/dhcp.o
                0x20000068                dhcp_ip_assign
 .data.dhcp_ip_update
                0x2000006c        0x4 ./Libraries/ioLibrary_Driver/Internet/DHCP/dhcp.o
                0x2000006c                dhcp_ip_update
 .data.dhcp_ip_conflict
                0x20000070        0x4 ./Libraries/ioLibrary_Driver/Internet/DHCP/dhcp.o
                0x20000070                dhcp_ip_conflict
 .data.__sglue  0x20000074        0xc C:/ST/STM32CubeIDE_1.15.1/STM32CubeIDE/plugins/com.st.stm32cube.ide.mcu.externaltools.gnu-tools-for-stm32.12.3.rel1.win32_1.0.200.202406191623/tools/bin/../lib/gcc/arm-none-eabi/12.3.1/../../../../arm-none-eabi/lib/thumb/v7e-m+fp/hard\libc_nano.a(libc_a-findfp.o)
                0x20000074                __sglue
 .data._impure_ptr
                0x20000080        0x4 C:/ST/STM32CubeIDE_1.15.1/STM32CubeIDE/plugins/com.st.stm32cube.ide.mcu.externaltools.gnu-tools-for-stm32.12.3.rel1.win32_1.0.200.202406191623/tools/bin/../lib/gcc/arm-none-eabi/12.3.1/../../../../arm-none-eabi/lib/thumb/v7e-m+fp/hard\libc_nano.a(libc_a-impure.o)
                0x20000080                _impure_ptr
 .data._impure_data
                0x20000084       0x4c C:/ST/STM32CubeIDE_1.15.1/STM32CubeIDE/plugins/com.st.stm32cube.ide.mcu.externaltools.gnu-tools-for-stm32.12.3.rel1.win32_1.0.200.202406191623/tools/bin/../lib/gcc/arm-none-eabi/12.3.1/../../../../arm-none-eabi/lib/thumb/v7e-m+fp/hard\libc_nano.a(libc_a-impure.o)
                0x20000084                _impure_data
 *(.RamFunc)
 *(.RamFunc*)
                0x200000d0                        . = ALIGN (0x4)
                0x200000d0                        _edata = .
                0x0800890c                        _siccmram = LOADADDR (.ccmram)

.igot.plt       0x200000d0        0x0 load address 0x0800890c
 .igot.plt      0x200000d0        0x0 C:/ST/STM32CubeIDE_1.15.1/STM32CubeIDE/plugins/com.st.stm32cube.ide.mcu.externaltools.gnu-tools-for-stm32.12.3.rel1.win32_1.0.200.202406191623/tools/bin/../lib/gcc/arm-none-eabi/12.3.1/thumb/v7e-m+fp/hard/crtbegin.o

.ccmram         0x10000000        0x0 load address 0x0800890c
                0x10000000                        . = ALIGN (0x4)
                0x10000000                        _sccmram = .
 *(.ccmram)
 *(.ccmram*)
                0x10000000                        . = ALIGN (0x4)
                0x10000000                        _eccmram = .
                0x10000000                        . = ALIGN (0x4)

.bss            0x200000d0     0x12b8
                0x200000d0                        _sbss = .
                0x200000d0                        __bss_start__ = _sbss
 *(.bss)
 .bss           0x200000d0       0x1c C:/ST/STM32CubeIDE_1.15.1/STM32CubeIDE/plugins/com.st.stm32cube.ide.mcu.externaltools.gnu-tools-for-stm32.12.3.rel1.win32_1.0.200.202406191623/tools/bin/../lib/gcc/arm-none-eabi/12.3.1/thumb/v7e-m+fp/hard/crtbegin.o
 *(.bss*)
 .bss.htim1     0x200000ec       0x48 ./Core/Src/main.o
                0x200000ec                htim1
 .bss.huart3    0x20000134       0x48 ./Core/Src/main.o
                0x20000134                huart3
 .bss.hsram1    0x2000017c       0x50 ./Core/Src/main.o
                0x2000017c                hsram1
 .bss.g_eth_buf
                0x200001cc      0x800 ./Core/Src/main.o
                0x200001cc                g_eth_buf
 .bss.g_loopback_buf
                0x200009cc      0x800 ./Core/Src/main.o
 .bss.g_dhcp_get_ip_flag
                0x200011cc        0x1 ./Core/Src/main.o
 *fill*         0x200011cd        0x1 
 .bss.g_msec_cnt
                0x200011ce        0x2 ./Core/Src/main.o
 .bss.FMC_Initialized
                0x200011d0        0x4 ./Core/Src/stm32f4xx_hal_msp.o
 .bss.__sbrk_heap_end
                0x200011d4        0x4 ./Core/Src/sysmem.o
 .bss.uwTick    0x200011d8        0x4 ./Drivers/STM32F4xx_HAL_Driver/Src/stm32f4xx_hal.o
                0x200011d8                uwTick
 .bss.sock_io_mode
                0x200011dc        0x2 ./Libraries/ioLibrary_Driver/Ethernet/socket.o
 .bss.sock_is_sending
                0x200011de        0x2 ./Libraries/ioLibrary_Driver/Ethernet/socket.o
 .bss.sock_remained_size
                0x200011e0       0x10 ./Libraries/ioLibrary_Driver/Ethernet/socket.o
 .bss.sock_pack_info
                0x200011f0        0x8 ./Libraries/ioLibrary_Driver/Ethernet/socket.o
                0x200011f0                sock_pack_info
 .bss.sock_remained_byte
                0x200011f8        0x8 ./Libraries/ioLibrary_Driver/Ethernet/socket.o
                0x200011f8                sock_remained_byte
 .bss._DNS_     0x20001200        0x4 ./Libraries/ioLibrary_Driver/Ethernet/wizchip_conf.o
 .bss._DHCP_    0x20001204        0x1 ./Libraries/ioLibrary_Driver/Ethernet/wizchip_conf.o
 .bss.DHCP_SOCKET
                0x20001205        0x1 ./Libraries/ioLibrary_Driver/Internet/DHCP/dhcp.o
                0x20001205                DHCP_SOCKET
 *fill*         0x20001206        0x2 
 .bss.DHCP_SIP  0x20001208        0x4 ./Libraries/ioLibrary_Driver/Internet/DHCP/dhcp.o
                0x20001208                DHCP_SIP
 .bss.DHCP_REAL_SIP
                0x2000120c        0x4 ./Libraries/ioLibrary_Driver/Internet/DHCP/dhcp.o
                0x2000120c                DHCP_REAL_SIP
 .bss.OLD_allocated_ip
                0x20001210        0x4 ./Libraries/ioLibrary_Driver/Internet/DHCP/dhcp.o
                0x20001210                OLD_allocated_ip
 .bss.DHCP_allocated_ip
                0x20001214        0x4 ./Libraries/ioLibrary_Driver/Internet/DHCP/dhcp.o
                0x20001214                DHCP_allocated_ip
 .bss.DHCP_allocated_gw
                0x20001218        0x4 ./Libraries/ioLibrary_Driver/Internet/DHCP/dhcp.o
                0x20001218                DHCP_allocated_gw
 .bss.DHCP_allocated_sn
                0x2000121c        0x4 ./Libraries/ioLibrary_Driver/Internet/DHCP/dhcp.o
                0x2000121c                DHCP_allocated_sn
 .bss.DHCP_allocated_dns
                0x20001220        0x4 ./Libraries/ioLibrary_Driver/Internet/DHCP/dhcp.o
                0x20001220                DHCP_allocated_dns
 .bss.dhcp_state
                0x20001224        0x1 ./Libraries/ioLibrary_Driver/Internet/DHCP/dhcp.o
                0x20001224                dhcp_state
 .bss.dhcp_retry_count
                0x20001225        0x1 ./Libraries/ioLibrary_Driver/Internet/DHCP/dhcp.o
                0x20001225                dhcp_retry_count
 *fill*         0x20001226        0x2 
 .bss.dhcp_tick_1s
                0x20001228        0x4 ./Libraries/ioLibrary_Driver/Internet/DHCP/dhcp.o
                0x20001228                dhcp_tick_1s
 .bss.DHCP_XID  0x2000122c        0x4 ./Libraries/ioLibrary_Driver/Internet/DHCP/dhcp.o
                0x2000122c                DHCP_XID
 .bss.pDHCPMSG  0x20001230        0x4 ./Libraries/ioLibrary_Driver/Internet/DHCP/dhcp.o
                0x20001230                pDHCPMSG
 .bss.DHCP_CHADDR
                0x20001234        0x6 ./Libraries/ioLibrary_Driver/Internet/DHCP/dhcp.o
                0x20001234                DHCP_CHADDR
 *fill*         0x2000123a        0x2 
 .bss.__sf      0x2000123c      0x138 C:/ST/STM32CubeIDE_1.15.1/STM32CubeIDE/plugins/com.st.stm32cube.ide.mcu.externaltools.gnu-tools-for-stm32.12.3.rel1.win32_1.0.200.202406191623/tools/bin/../lib/gcc/arm-none-eabi/12.3.1/../../../../arm-none-eabi/lib/thumb/v7e-m+fp/hard\libc_nano.a(libc_a-findfp.o)
                0x2000123c                __sf
 .bss.__stdio_exit_handler
                0x20001374        0x4 C:/ST/STM32CubeIDE_1.15.1/STM32CubeIDE/plugins/com.st.stm32cube.ide.mcu.externaltools.gnu-tools-for-stm32.12.3.rel1.win32_1.0.200.202406191623/tools/bin/../lib/gcc/arm-none-eabi/12.3.1/../../../../arm-none-eabi/lib/thumb/v7e-m+fp/hard\libc_nano.a(libc_a-findfp.o)
                0x20001374                __stdio_exit_handler
 .bss.errno     0x20001378        0x4 C:/ST/STM32CubeIDE_1.15.1/STM32CubeIDE/plugins/com.st.stm32cube.ide.mcu.externaltools.gnu-tools-for-stm32.12.3.rel1.win32_1.0.200.202406191623/tools/bin/../lib/gcc/arm-none-eabi/12.3.1/../../../../arm-none-eabi/lib/thumb/v7e-m+fp/hard\libc_nano.a(libc_a-reent.o)
                0x20001378                errno
 .bss.__lock___malloc_recursive_mutex
                0x2000137c        0x1 C:/ST/STM32CubeIDE_1.15.1/STM32CubeIDE/plugins/com.st.stm32cube.ide.mcu.externaltools.gnu-tools-for-stm32.12.3.rel1.win32_1.0.200.202406191623/tools/bin/../lib/gcc/arm-none-eabi/12.3.1/../../../../arm-none-eabi/lib/thumb/v7e-m+fp/hard\libc_nano.a(libc_a-lock.o)
                0x2000137c                __lock___malloc_recursive_mutex
 .bss.__lock___sfp_recursive_mutex
                0x2000137d        0x1 C:/ST/STM32CubeIDE_1.15.1/STM32CubeIDE/plugins/com.st.stm32cube.ide.mcu.externaltools.gnu-tools-for-stm32.12.3.rel1.win32_1.0.200.202406191623/tools/bin/../lib/gcc/arm-none-eabi/12.3.1/../../../../arm-none-eabi/lib/thumb/v7e-m+fp/hard\libc_nano.a(libc_a-lock.o)
                0x2000137d                __lock___sfp_recursive_mutex
 *fill*         0x2000137e        0x2 
 .bss.__malloc_sbrk_start
                0x20001380        0x4 C:/ST/STM32CubeIDE_1.15.1/STM32CubeIDE/plugins/com.st.stm32cube.ide.mcu.externaltools.gnu-tools-for-stm32.12.3.rel1.win32_1.0.200.202406191623/tools/bin/../lib/gcc/arm-none-eabi/12.3.1/../../../../arm-none-eabi/lib/thumb/v7e-m+fp/hard\libc_nano.a(libc_a-mallocr.o)
                0x20001380                __malloc_sbrk_start
 .bss.__malloc_free_list
                0x20001384        0x4 C:/ST/STM32CubeIDE_1.15.1/STM32CubeIDE/plugins/com.st.stm32cube.ide.mcu.externaltools.gnu-tools-for-stm32.12.3.rel1.win32_1.0.200.202406191623/tools/bin/../lib/gcc/arm-none-eabi/12.3.1/../../../../arm-none-eabi/lib/thumb/v7e-m+fp/hard\libc_nano.a(libc_a-mallocr.o)
                0x20001384                __malloc_free_list
 *(COMMON)
                0x20001388                        . = ALIGN (0x4)
                0x20001388                        _ebss = .
                0x20001388                        __bss_end__ = _ebss

._user_heap_stack
                0x20001388    0x18000
                0x20001388                        . = ALIGN (0x8)
                [!provide]                        PROVIDE (end = .)
                0x20001388                        PROVIDE (_end = .)
                0x20011388                        . = (. + _Min_Heap_Size)
 *fill*         0x20001388    0x10000 
                0x20019388                        . = (. + _Min_Stack_Size)
 *fill*         0x20011388     0x8000 
                0x20019388                        . = ALIGN (0x8)

/DISCARD/
 libc.a(*)
 libm.a(*)
 libgcc.a(*)

.ARM.attributes
                0x00000000       0x30
 *(.ARM.attributes)
 .ARM.attributes
                0x00000000       0x22 C:/ST/STM32CubeIDE_1.15.1/STM32CubeIDE/plugins/com.st.stm32cube.ide.mcu.externaltools.gnu-tools-for-stm32.12.3.rel1.win32_1.0.200.202406191623/tools/bin/../lib/gcc/arm-none-eabi/12.3.1/thumb/v7e-m+fp/hard/crti.o
 .ARM.attributes
                0x00000022       0x34 C:/ST/STM32CubeIDE_1.15.1/STM32CubeIDE/plugins/com.st.stm32cube.ide.mcu.externaltools.gnu-tools-for-stm32.12.3.rel1.win32_1.0.200.202406191623/tools/bin/../lib/gcc/arm-none-eabi/12.3.1/thumb/v7e-m+fp/hard/crtbegin.o
 .ARM.attributes
                0x00000056       0x34 ./Core/Src/main.o
 .ARM.attributes
                0x0000008a       0x34 ./Core/Src/stm32f4xx_hal_msp.o
 .ARM.attributes
                0x000000be       0x34 ./Core/Src/stm32f4xx_it.o
 .ARM.attributes
                0x000000f2       0x34 ./Core/Src/syscalls.o
 .ARM.attributes
                0x00000126       0x34 ./Core/Src/sysmem.o
 .ARM.attributes
                0x0000015a       0x34 ./Core/Src/system_stm32f4xx.o
 .ARM.attributes
                0x0000018e       0x21 ./Core/Startup/startup_stm32f429zitx.o
 .ARM.attributes
                0x000001af       0x34 ./Drivers/STM32F4xx_HAL_Driver/Src/stm32f4xx_hal.o
 .ARM.attributes
                0x000001e3       0x34 ./Drivers/STM32F4xx_HAL_Driver/Src/stm32f4xx_hal_cortex.o
 .ARM.attributes
                0x00000217       0x34 ./Drivers/STM32F4xx_HAL_Driver/Src/stm32f4xx_hal_gpio.o
 .ARM.attributes
                0x0000024b       0x34 ./Drivers/STM32F4xx_HAL_Driver/Src/stm32f4xx_hal_pwr_ex.o
 .ARM.attributes
                0x0000027f       0x34 ./Drivers/STM32F4xx_HAL_Driver/Src/stm32f4xx_hal_rcc.o
 .ARM.attributes
                0x000002b3       0x34 ./Drivers/STM32F4xx_HAL_Driver/Src/stm32f4xx_hal_sram.o
 .ARM.attributes
                0x000002e7       0x34 ./Drivers/STM32F4xx_HAL_Driver/Src/stm32f4xx_hal_tim.o
 .ARM.attributes
                0x0000031b       0x34 ./Drivers/STM32F4xx_HAL_Driver/Src/stm32f4xx_hal_tim_ex.o
 .ARM.attributes
                0x0000034f       0x34 ./Drivers/STM32F4xx_HAL_Driver/Src/stm32f4xx_hal_uart.o
 .ARM.attributes
                0x00000383       0x34 ./Drivers/STM32F4xx_HAL_Driver/Src/stm32f4xx_ll_fmc.o
 .ARM.attributes
                0x000003b7       0x34 ./Libraries/ioLibrary_Driver/Application/loopback/loopback.o
 .ARM.attributes
                0x000003eb       0x34 ./Libraries/ioLibrary_Driver/Ethernet/W5300/w5300.o
 .ARM.attributes
                0x0000041f       0x34 ./Libraries/ioLibrary_Driver/Ethernet/socket.o
 .ARM.attributes
                0x00000453       0x34 ./Libraries/ioLibrary_Driver/Ethernet/wizchip_conf.o
 .ARM.attributes
                0x00000487       0x34 ./Libraries/ioLibrary_Driver/Internet/DHCP/dhcp.o
 .ARM.attributes
                0x000004bb       0x34 ./Port/ioLibrary_Driver/src/w5x00_bus.o
 .ARM.attributes
                0x000004ef       0x34 ./Port/ioLibrary_Driver/src/w5x00_network.o
 .ARM.attributes
                0x00000523       0x34 C:/ST/STM32CubeIDE_1.15.1/STM32CubeIDE/plugins/com.st.stm32cube.ide.mcu.externaltools.gnu-tools-for-stm32.12.3.rel1.win32_1.0.200.202406191623/tools/bin/../lib/gcc/arm-none-eabi/12.3.1/../../../../arm-none-eabi/lib/thumb/v7e-m+fp/hard\libc_nano.a(libc_a-findfp.o)
 .ARM.attributes
                0x00000557       0x34 C:/ST/STM32CubeIDE_1.15.1/STM32CubeIDE/plugins/com.st.stm32cube.ide.mcu.externaltools.gnu-tools-for-stm32.12.3.rel1.win32_1.0.200.202406191623/tools/bin/../lib/gcc/arm-none-eabi/12.3.1/../../../../arm-none-eabi/lib/thumb/v7e-m+fp/hard\libc_nano.a(libc_a-fwalk.o)
 .ARM.attributes
                0x0000058b       0x34 C:/ST/STM32CubeIDE_1.15.1/STM32CubeIDE/plugins/com.st.stm32cube.ide.mcu.externaltools.gnu-tools-for-stm32.12.3.rel1.win32_1.0.200.202406191623/tools/bin/../lib/gcc/arm-none-eabi/12.3.1/../../../../arm-none-eabi/lib/thumb/v7e-m+fp/hard\libc_nano.a(libc_a-printf.o)
 .ARM.attributes
                0x000005bf       0x34 C:/ST/STM32CubeIDE_1.15.1/STM32CubeIDE/plugins/com.st.stm32cube.ide.mcu.externaltools.gnu-tools-for-stm32.12.3.rel1.win32_1.0.200.202406191623/tools/bin/../lib/gcc/arm-none-eabi/12.3.1/../../../../arm-none-eabi/lib/thumb/v7e-m+fp/hard\libc_nano.a(libc_a-puts.o)
 .ARM.attributes
                0x000005f3       0x34 C:/ST/STM32CubeIDE_1.15.1/STM32CubeIDE/plugins/com.st.stm32cube.ide.mcu.externaltools.gnu-tools-for-stm32.12.3.rel1.win32_1.0.200.202406191623/tools/bin/../lib/gcc/arm-none-eabi/12.3.1/../../../../arm-none-eabi/lib/thumb/v7e-m+fp/hard\libc_nano.a(libc_a-stdio.o)
 .ARM.attributes
                0x00000627       0x34 C:/ST/STM32CubeIDE_1.15.1/STM32CubeIDE/plugins/com.st.stm32cube.ide.mcu.externaltools.gnu-tools-for-stm32.12.3.rel1.win32_1.0.200.202406191623/tools/bin/../lib/gcc/arm-none-eabi/12.3.1/../../../../arm-none-eabi/lib/thumb/v7e-m+fp/hard\libc_nano.a(libc_a-wbuf.o)
 .ARM.attributes
                0x0000065b       0x34 C:/ST/STM32CubeIDE_1.15.1/STM32CubeIDE/plugins/com.st.stm32cube.ide.mcu.externaltools.gnu-tools-for-stm32.12.3.rel1.win32_1.0.200.202406191623/tools/bin/../lib/gcc/arm-none-eabi/12.3.1/../../../../arm-none-eabi/lib/thumb/v7e-m+fp/hard\libc_nano.a(libc_a-wsetup.o)
 .ARM.attributes
                0x0000068f       0x34 C:/ST/STM32CubeIDE_1.15.1/STM32CubeIDE/plugins/com.st.stm32cube.ide.mcu.externaltools.gnu-tools-for-stm32.12.3.rel1.win32_1.0.200.202406191623/tools/bin/../lib/gcc/arm-none-eabi/12.3.1/../../../../arm-none-eabi/lib/thumb/v7e-m+fp/hard\libc_nano.a(libc_a-memset.o)
 .ARM.attributes
                0x000006c3       0x34 C:/ST/STM32CubeIDE_1.15.1/STM32CubeIDE/plugins/com.st.stm32cube.ide.mcu.externaltools.gnu-tools-for-stm32.12.3.rel1.win32_1.0.200.202406191623/tools/bin/../lib/gcc/arm-none-eabi/12.3.1/../../../../arm-none-eabi/lib/thumb/v7e-m+fp/hard\libc_nano.a(libc_a-closer.o)
 .ARM.attributes
                0x000006f7       0x34 C:/ST/STM32CubeIDE_1.15.1/STM32CubeIDE/plugins/com.st.stm32cube.ide.mcu.externaltools.gnu-tools-for-stm32.12.3.rel1.win32_1.0.200.202406191623/tools/bin/../lib/gcc/arm-none-eabi/12.3.1/../../../../arm-none-eabi/lib/thumb/v7e-m+fp/hard\libc_nano.a(libc_a-reent.o)
 .ARM.attributes
                0x0000072b       0x34 C:/ST/STM32CubeIDE_1.15.1/STM32CubeIDE/plugins/com.st.stm32cube.ide.mcu.externaltools.gnu-tools-for-stm32.12.3.rel1.win32_1.0.200.202406191623/tools/bin/../lib/gcc/arm-none-eabi/12.3.1/../../../../arm-none-eabi/lib/thumb/v7e-m+fp/hard\libc_nano.a(libc_a-impure.o)
 .ARM.attributes
                0x0000075f       0x34 C:/ST/STM32CubeIDE_1.15.1/STM32CubeIDE/plugins/com.st.stm32cube.ide.mcu.externaltools.gnu-tools-for-stm32.12.3.rel1.win32_1.0.200.202406191623/tools/bin/../lib/gcc/arm-none-eabi/12.3.1/../../../../arm-none-eabi/lib/thumb/v7e-m+fp/hard\libc_nano.a(libc_a-lseekr.o)
 .ARM.attributes
                0x00000793       0x34 C:/ST/STM32CubeIDE_1.15.1/STM32CubeIDE/plugins/com.st.stm32cube.ide.mcu.externaltools.gnu-tools-for-stm32.12.3.rel1.win32_1.0.200.202406191623/tools/bin/../lib/gcc/arm-none-eabi/12.3.1/../../../../arm-none-eabi/lib/thumb/v7e-m+fp/hard\libc_nano.a(libc_a-readr.o)
 .ARM.attributes
                0x000007c7       0x34 C:/ST/STM32CubeIDE_1.15.1/STM32CubeIDE/plugins/com.st.stm32cube.ide.mcu.externaltools.gnu-tools-for-stm32.12.3.rel1.win32_1.0.200.202406191623/tools/bin/../lib/gcc/arm-none-eabi/12.3.1/../../../../arm-none-eabi/lib/thumb/v7e-m+fp/hard\libc_nano.a(libc_a-writer.o)
 .ARM.attributes
                0x000007fb       0x34 C:/ST/STM32CubeIDE_1.15.1/STM32CubeIDE/plugins/com.st.stm32cube.ide.mcu.externaltools.gnu-tools-for-stm32.12.3.rel1.win32_1.0.200.202406191623/tools/bin/../lib/gcc/arm-none-eabi/12.3.1/../../../../arm-none-eabi/lib/thumb/v7e-m+fp/hard\libc_nano.a(libc_a-errno.o)
 .ARM.attributes
                0x0000082f       0x34 C:/ST/STM32CubeIDE_1.15.1/STM32CubeIDE/plugins/com.st.stm32cube.ide.mcu.externaltools.gnu-tools-for-stm32.12.3.rel1.win32_1.0.200.202406191623/tools/bin/../lib/gcc/arm-none-eabi/12.3.1/../../../../arm-none-eabi/lib/thumb/v7e-m+fp/hard\libc_nano.a(libc_a-init.o)
 .ARM.attributes
                0x00000863       0x34 C:/ST/STM32CubeIDE_1.15.1/STM32CubeIDE/plugins/com.st.stm32cube.ide.mcu.externaltools.gnu-tools-for-stm32.12.3.rel1.win32_1.0.200.202406191623/tools/bin/../lib/gcc/arm-none-eabi/12.3.1/../../../../arm-none-eabi/lib/thumb/v7e-m+fp/hard\libc_nano.a(libc_a-lock.o)
 .ARM.attributes
                0x00000897       0x34 C:/ST/STM32CubeIDE_1.15.1/STM32CubeIDE/plugins/com.st.stm32cube.ide.mcu.externaltools.gnu-tools-for-stm32.12.3.rel1.win32_1.0.200.202406191623/tools/bin/../lib/gcc/arm-none-eabi/12.3.1/../../../../arm-none-eabi/lib/thumb/v7e-m+fp/hard\libc_nano.a(libc_a-freer.o)
 .ARM.attributes
                0x000008cb       0x34 C:/ST/STM32CubeIDE_1.15.1/STM32CubeIDE/plugins/com.st.stm32cube.ide.mcu.externaltools.gnu-tools-for-stm32.12.3.rel1.win32_1.0.200.202406191623/tools/bin/../lib/gcc/arm-none-eabi/12.3.1/../../../../arm-none-eabi/lib/thumb/v7e-m+fp/hard\libc_nano.a(libc_a-mallocr.o)
 .ARM.attributes
                0x000008ff       0x34 C:/ST/STM32CubeIDE_1.15.1/STM32CubeIDE/plugins/com.st.stm32cube.ide.mcu.externaltools.gnu-tools-for-stm32.12.3.rel1.win32_1.0.200.202406191623/tools/bin/../lib/gcc/arm-none-eabi/12.3.1/../../../../arm-none-eabi/lib/thumb/v7e-m+fp/hard\libc_nano.a(libc_a-mlock.o)
 .ARM.attributes
                0x00000933       0x34 C:/ST/STM32CubeIDE_1.15.1/STM32CubeIDE/plugins/com.st.stm32cube.ide.mcu.externaltools.gnu-tools-for-stm32.12.3.rel1.win32_1.0.200.202406191623/tools/bin/../lib/gcc/arm-none-eabi/12.3.1/../../../../arm-none-eabi/lib/thumb/v7e-m+fp/hard\libc_nano.a(libc_a-nano-vfprintf.o)
 .ARM.attributes
                0x00000967       0x34 C:/ST/STM32CubeIDE_1.15.1/STM32CubeIDE/plugins/com.st.stm32cube.ide.mcu.externaltools.gnu-tools-for-stm32.12.3.rel1.win32_1.0.200.202406191623/tools/bin/../lib/gcc/arm-none-eabi/12.3.1/../../../../arm-none-eabi/lib/thumb/v7e-m+fp/hard\libc_nano.a(libc_a-nano-vfprintf_i.o)
 .ARM.attributes
                0x0000099b       0x34 C:/ST/STM32CubeIDE_1.15.1/STM32CubeIDE/plugins/com.st.stm32cube.ide.mcu.externaltools.gnu-tools-for-stm32.12.3.rel1.win32_1.0.200.202406191623/tools/bin/../lib/gcc/arm-none-eabi/12.3.1/../../../../arm-none-eabi/lib/thumb/v7e-m+fp/hard\libc_nano.a(libc_a-fflush.o)
 .ARM.attributes
                0x000009cf       0x34 C:/ST/STM32CubeIDE_1.15.1/STM32CubeIDE/plugins/com.st.stm32cube.ide.mcu.externaltools.gnu-tools-for-stm32.12.3.rel1.win32_1.0.200.202406191623/tools/bin/../lib/gcc/arm-none-eabi/12.3.1/../../../../arm-none-eabi/lib/thumb/v7e-m+fp/hard\libc_nano.a(libc_a-makebuf.o)
 .ARM.attributes
                0x00000a03       0x34 C:/ST/STM32CubeIDE_1.15.1/STM32CubeIDE/plugins/com.st.stm32cube.ide.mcu.externaltools.gnu-tools-for-stm32.12.3.rel1.win32_1.0.200.202406191623/tools/bin/../lib/gcc/arm-none-eabi/12.3.1/../../../../arm-none-eabi/lib/thumb/v7e-m+fp/hard\libc_nano.a(libc_a-fstatr.o)
 .ARM.attributes
                0x00000a37       0x34 C:/ST/STM32CubeIDE_1.15.1/STM32CubeIDE/plugins/com.st.stm32cube.ide.mcu.externaltools.gnu-tools-for-stm32.12.3.rel1.win32_1.0.200.202406191623/tools/bin/../lib/gcc/arm-none-eabi/12.3.1/../../../../arm-none-eabi/lib/thumb/v7e-m+fp/hard\libc_nano.a(libc_a-isattyr.o)
 .ARM.attributes
                0x00000a6b       0x34 C:/ST/STM32CubeIDE_1.15.1/STM32CubeIDE/plugins/com.st.stm32cube.ide.mcu.externaltools.gnu-tools-for-stm32.12.3.rel1.win32_1.0.200.202406191623/tools/bin/../lib/gcc/arm-none-eabi/12.3.1/../../../../arm-none-eabi/lib/thumb/v7e-m+fp/hard\libc_nano.a(libc_a-sbrkr.o)
 .ARM.attributes
                0x00000a9f       0x1c C:/ST/STM32CubeIDE_1.15.1/STM32CubeIDE/plugins/com.st.stm32cube.ide.mcu.externaltools.gnu-tools-for-stm32.12.3.rel1.win32_1.0.200.202406191623/tools/bin/../lib/gcc/arm-none-eabi/12.3.1/../../../../arm-none-eabi/lib/thumb/v7e-m+fp/hard\libc_nano.a(libc_a-memchr.o)
 .ARM.attributes
                0x00000abb       0x22 C:/ST/STM32CubeIDE_1.15.1/STM32CubeIDE/plugins/com.st.stm32cube.ide.mcu.externaltools.gnu-tools-for-stm32.12.3.rel1.win32_1.0.200.202406191623/tools/bin/../lib/gcc/arm-none-eabi/12.3.1/thumb/v7e-m+fp/hard\libgcc.a(_aeabi_uldivmod.o)
 .ARM.attributes
                0x00000add       0x34 C:/ST/STM32CubeIDE_1.15.1/STM32CubeIDE/plugins/com.st.stm32cube.ide.mcu.externaltools.gnu-tools-for-stm32.12.3.rel1.win32_1.0.200.202406191623/tools/bin/../lib/gcc/arm-none-eabi/12.3.1/thumb/v7e-m+fp/hard\libgcc.a(_udivmoddi4.o)
 .ARM.attributes
                0x00000b11       0x22 C:/ST/STM32CubeIDE_1.15.1/STM32CubeIDE/plugins/com.st.stm32cube.ide.mcu.externaltools.gnu-tools-for-stm32.12.3.rel1.win32_1.0.200.202406191623/tools/bin/../lib/gcc/arm-none-eabi/12.3.1/thumb/v7e-m+fp/hard\libgcc.a(_dvmd_tls.o)
 .ARM.attributes
                0x00000b33       0x22 C:/ST/STM32CubeIDE_1.15.1/STM32CubeIDE/plugins/com.st.stm32cube.ide.mcu.externaltools.gnu-tools-for-stm32.12.3.rel1.win32_1.0.200.202406191623/tools/bin/../lib/gcc/arm-none-eabi/12.3.1/thumb/v7e-m+fp/hard/crtn.o
OUTPUT(W5300_STM32F429_Loopback_DHCP.elf elf32-littlearm)
LOAD linker stubs
LOAD C:/ST/STM32CubeIDE_1.15.1/STM32CubeIDE/plugins/com.st.stm32cube.ide.mcu.externaltools.gnu-tools-for-stm32.12.3.rel1.win32_1.0.200.202406191623/tools/bin/../lib/gcc/arm-none-eabi/12.3.1/../../../../arm-none-eabi/lib/thumb/v7e-m+fp/hard\libc.a
LOAD C:/ST/STM32CubeIDE_1.15.1/STM32CubeIDE/plugins/com.st.stm32cube.ide.mcu.externaltools.gnu-tools-for-stm32.12.3.rel1.win32_1.0.200.202406191623/tools/bin/../lib/gcc/arm-none-eabi/12.3.1/../../../../arm-none-eabi/lib/thumb/v7e-m+fp/hard\libm.a
LOAD C:/ST/STM32CubeIDE_1.15.1/STM32CubeIDE/plugins/com.st.stm32cube.ide.mcu.externaltools.gnu-tools-for-stm32.12.3.rel1.win32_1.0.200.202406191623/tools/bin/../lib/gcc/arm-none-eabi/12.3.1/thumb/v7e-m+fp/hard\libgcc.a

.debug_info     0x00000000    0x12186
 .debug_info    0x00000000     0x179e ./Core/Src/main.o
 .debug_info    0x0000179e     0x1244 ./Core/Src/stm32f4xx_hal_msp.o
 .debug_info    0x000029e2      0x6e1 ./Core/Src/stm32f4xx_it.o
 .debug_info    0x000030c3      0x6a3 ./Core/Src/syscalls.o
 .debug_info    0x00003766      0x168 ./Core/Src/sysmem.o
 .debug_info    0x000038ce      0x52e ./Core/Src/system_stm32f4xx.o
 .debug_info    0x00003dfc       0x30 ./Core/Startup/startup_stm32f429zitx.o
 .debug_info    0x00003e2c      0x9ba ./Drivers/STM32F4xx_HAL_Driver/Src/stm32f4xx_hal.o
 .debug_info    0x000047e6      0xdc2 ./Drivers/STM32F4xx_HAL_Driver/Src/stm32f4xx_hal_cortex.o
 .debug_info    0x000055a8      0x6db ./Drivers/STM32F4xx_HAL_Driver/Src/stm32f4xx_hal_gpio.o
 .debug_info    0x00005c83      0x6be ./Drivers/STM32F4xx_HAL_Driver/Src/stm32f4xx_hal_pwr_ex.o
 .debug_info    0x00006341      0x8c7 ./Drivers/STM32F4xx_HAL_Driver/Src/stm32f4xx_hal_rcc.o
 .debug_info    0x00006c08      0xd4b ./Drivers/STM32F4xx_HAL_Driver/Src/stm32f4xx_hal_sram.o
 .debug_info    0x00007953     0x299d ./Drivers/STM32F4xx_HAL_Driver/Src/stm32f4xx_hal_tim.o
 .debug_info    0x0000a2f0     0x14db ./Drivers/STM32F4xx_HAL_Driver/Src/stm32f4xx_hal_tim_ex.o
 .debug_info    0x0000b7cb     0x2f4f ./Drivers/STM32F4xx_HAL_Driver/Src/stm32f4xx_hal_uart.o
 .debug_info    0x0000e71a      0xe08 ./Drivers/STM32F4xx_HAL_Driver/Src/stm32f4xx_ll_fmc.o
 .debug_info    0x0000f522      0x445 ./Libraries/ioLibrary_Driver/Application/loopback/loopback.o
 .debug_info    0x0000f967      0x504 ./Libraries/ioLibrary_Driver/Ethernet/W5300/w5300.o
 .debug_info    0x0000fe6b      0x7a2 ./Libraries/ioLibrary_Driver/Ethernet/socket.o
 .debug_info    0x0001060d      0xb04 ./Libraries/ioLibrary_Driver/Ethernet/wizchip_conf.o
 .debug_info    0x00011111      0x9ea ./Libraries/ioLibrary_Driver/Internet/DHCP/dhcp.o
 .debug_info    0x00011afb      0x3b3 ./Port/ioLibrary_Driver/src/w5x00_bus.o
 .debug_info    0x00011eae      0x2d8 ./Port/ioLibrary_Driver/src/w5x00_network.o

.debug_abbrev   0x00000000     0x2fb8
 .debug_abbrev  0x00000000      0x30c ./Core/Src/main.o
 .debug_abbrev  0x0000030c      0x24e ./Core/Src/stm32f4xx_hal_msp.o
 .debug_abbrev  0x0000055a      0x192 ./Core/Src/stm32f4xx_it.o
 .debug_abbrev  0x000006ec      0x1b6 ./Core/Src/syscalls.o
 .debug_abbrev  0x000008a2       0xbc ./Core/Src/sysmem.o
 .debug_abbrev  0x0000095e      0x11a ./Core/Src/system_stm32f4xx.o
 .debug_abbrev  0x00000a78       0x24 ./Core/Startup/startup_stm32f429zitx.o
 .debug_abbrev  0x00000a9c      0x214 ./Drivers/STM32F4xx_HAL_Driver/Src/stm32f4xx_hal.o
 .debug_abbrev  0x00000cb0      0x31d ./Drivers/STM32F4xx_HAL_Driver/Src/stm32f4xx_hal_cortex.o
 .debug_abbrev  0x00000fcd      0x1d4 ./Drivers/STM32F4xx_HAL_Driver/Src/stm32f4xx_hal_gpio.o
 .debug_abbrev  0x000011a1      0x1cf ./Drivers/STM32F4xx_HAL_Driver/Src/stm32f4xx_hal_pwr_ex.o
 .debug_abbrev  0x00001370      0x2b7 ./Drivers/STM32F4xx_HAL_Driver/Src/stm32f4xx_hal_rcc.o
 .debug_abbrev  0x00001627      0x20b ./Drivers/STM32F4xx_HAL_Driver/Src/stm32f4xx_hal_sram.o
 .debug_abbrev  0x00001832      0x278 ./Drivers/STM32F4xx_HAL_Driver/Src/stm32f4xx_hal_tim.o
 .debug_abbrev  0x00001aaa      0x283 ./Drivers/STM32F4xx_HAL_Driver/Src/stm32f4xx_hal_tim_ex.o
 .debug_abbrev  0x00001d2d      0x30e ./Drivers/STM32F4xx_HAL_Driver/Src/stm32f4xx_hal_uart.o
 .debug_abbrev  0x0000203b      0x1ab ./Drivers/STM32F4xx_HAL_Driver/Src/stm32f4xx_ll_fmc.o
 .debug_abbrev  0x000021e6      0x138 ./Libraries/ioLibrary_Driver/Application/loopback/loopback.o
 .debug_abbrev  0x0000231e      0x1f4 ./Libraries/ioLibrary_Driver/Ethernet/W5300/w5300.o
 .debug_abbrev  0x00002512      0x1c0 ./Libraries/ioLibrary_Driver/Ethernet/socket.o
 .debug_abbrev  0x000026d2      0x340 ./Libraries/ioLibrary_Driver/Ethernet/wizchip_conf.o
 .debug_abbrev  0x00002a12      0x238 ./Libraries/ioLibrary_Driver/Internet/DHCP/dhcp.o
 .debug_abbrev  0x00002c4a      0x1fb ./Port/ioLibrary_Driver/src/w5x00_bus.o
 .debug_abbrev  0x00002e45      0x173 ./Port/ioLibrary_Driver/src/w5x00_network.o

.debug_aranges  0x00000000     0x1220
 .debug_aranges
                0x00000000       0x80 ./Core/Src/main.o
 .debug_aranges
                0x00000080       0x60 ./Core/Src/stm32f4xx_hal_msp.o
 .debug_aranges
                0x000000e0       0x68 ./Core/Src/stm32f4xx_it.o
 .debug_aranges
                0x00000148       0xa8 ./Core/Src/syscalls.o
 .debug_aranges
                0x000001f0       0x20 ./Core/Src/sysmem.o
 .debug_aranges
                0x00000210       0x28 ./Core/Src/system_stm32f4xx.o
 .debug_aranges
                0x00000238       0x28 ./Core/Startup/startup_stm32f429zitx.o
 .debug_aranges
                0x00000260      0x100 ./Drivers/STM32F4xx_HAL_Driver/Src/stm32f4xx_hal.o
 .debug_aranges
                0x00000360      0x130 ./Drivers/STM32F4xx_HAL_Driver/Src/stm32f4xx_hal_cortex.o
 .debug_aranges
                0x00000490       0x58 ./Drivers/STM32F4xx_HAL_Driver/Src/stm32f4xx_hal_gpio.o
 .debug_aranges
                0x000004e8       0x60 ./Drivers/STM32F4xx_HAL_Driver/Src/stm32f4xx_hal_pwr_ex.o
 .debug_aranges
                0x00000548       0x88 ./Drivers/STM32F4xx_HAL_Driver/Src/stm32f4xx_hal_rcc.o
 .debug_aranges
                0x000005d0       0xb8 ./Drivers/STM32F4xx_HAL_Driver/Src/stm32f4xx_hal_sram.o
 .debug_aranges
                0x00000688      0x3d0 ./Drivers/STM32F4xx_HAL_Driver/Src/stm32f4xx_hal_tim.o
 .debug_aranges
                0x00000a58      0x168 ./Drivers/STM32F4xx_HAL_Driver/Src/stm32f4xx_hal_tim_ex.o
 .debug_aranges
                0x00000bc0      0x208 ./Drivers/STM32F4xx_HAL_Driver/Src/stm32f4xx_hal_uart.o
 .debug_aranges