../Core/Src/main.c:98:1:__io_putchar	16	static
../Core/Src/main.c:114:6:HAL_TIM_PeriodElapsedCallback	16	static
../Core/Src/main.c:128:5:main	16	static
../Core/Src/main.c:231:6:SystemClock_Config	88	static
../Core/Src/main.c:284:13:MX_TIM1_Init	32	static
../Core/Src/main.c:330:13:MX_USART3_UART_Init	8	static
../Core/Src/main.c:359:13:MX_FMC_Init	40	static
../Core/Src/main.c:417:13:MX_GPIO_Init	56	static
../Core/Src/main.c:458:13:wizchip_dhcp_init	8	static
../Core/Src/main.c:467:13:wizchip_dhcp_assign	8	static
../Core/Src/main.c:482:13:wizchip_dhcp_conflict	8	static
../Core/Src/main.c:490:13:repeating_timer_callback	8	static
../Core/Src/main.c:506:6:Error_Handler	4	static,ignoring_inline_asm
